Archive member included to satisfy reference by file (symbol)

D:/ST/STM32CubeIDE_1.19.0/STM32CubeIDE/plugins/com.st.stm32cube.ide.mcu.externaltools.gnu-tools-for-stm32.13.3.rel1.win32_1.0.0.202411081344/tools/bin/../lib/gcc/arm-none-eabi/13.3.1/../../../../arm-none-eabi/lib/thumb/v7-m/nofp\libc_nano.a(libc_a-exit.o)
                              D:/ST/STM32CubeIDE_1.19.0/STM32CubeIDE/plugins/com.st.stm32cube.ide.mcu.externaltools.gnu-tools-for-stm32.13.3.rel1.win32_1.0.0.202411081344/tools/bin/../lib/gcc/arm-none-eabi/13.3.1/../../../../arm-none-eabi/lib/thumb/v7-m/nofp/crt0.o (exit)
D:/ST/STM32CubeIDE_1.19.0/STM32CubeIDE/plugins/com.st.stm32cube.ide.mcu.externaltools.gnu-tools-for-stm32.13.3.rel1.win32_1.0.0.202411081344/tools/bin/../lib/gcc/arm-none-eabi/13.3.1/../../../../arm-none-eabi/lib/thumb/v7-m/nofp\libc_nano.a(libc_a-findfp.o)
                              D:/ST/STM32CubeIDE_1.19.0/STM32CubeIDE/plugins/com.st.stm32cube.ide.mcu.externaltools.gnu-tools-for-stm32.13.3.rel1.win32_1.0.0.202411081344/tools/bin/../lib/gcc/arm-none-eabi/13.3.1/../../../../arm-none-eabi/lib/thumb/v7-m/nofp\libc_nano.a(libc_a-exit.o) (__stdio_exit_handler)
D:/ST/STM32CubeIDE_1.19.0/STM32CubeIDE/plugins/com.st.stm32cube.ide.mcu.externaltools.gnu-tools-for-stm32.13.3.rel1.win32_1.0.0.202411081344/tools/bin/../lib/gcc/arm-none-eabi/13.3.1/../../../../arm-none-eabi/lib/thumb/v7-m/nofp\libc_nano.a(libc_a-fwalk.o)
                              D:/ST/STM32CubeIDE_1.19.0/STM32CubeIDE/plugins/com.st.stm32cube.ide.mcu.externaltools.gnu-tools-for-stm32.13.3.rel1.win32_1.0.0.202411081344/tools/bin/../lib/gcc/arm-none-eabi/13.3.1/../../../../arm-none-eabi/lib/thumb/v7-m/nofp\libc_nano.a(libc_a-findfp.o) (_fwalk_sglue)
D:/ST/STM32CubeIDE_1.19.0/STM32CubeIDE/plugins/com.st.stm32cube.ide.mcu.externaltools.gnu-tools-for-stm32.13.3.rel1.win32_1.0.0.202411081344/tools/bin/../lib/gcc/arm-none-eabi/13.3.1/../../../../arm-none-eabi/lib/thumb/v7-m/nofp\libc_nano.a(libc_a-sprintf.o)
                              ./Core/Src/oled.o (sprintf)
D:/ST/STM32CubeIDE_1.19.0/STM32CubeIDE/plugins/com.st.stm32cube.ide.mcu.externaltools.gnu-tools-for-stm32.13.3.rel1.win32_1.0.0.202411081344/tools/bin/../lib/gcc/arm-none-eabi/13.3.1/../../../../arm-none-eabi/lib/thumb/v7-m/nofp\libc_nano.a(libc_a-stdio.o)
                              D:/ST/STM32CubeIDE_1.19.0/STM32CubeIDE/plugins/com.st.stm32cube.ide.mcu.externaltools.gnu-tools-for-stm32.13.3.rel1.win32_1.0.0.202411081344/tools/bin/../lib/gcc/arm-none-eabi/13.3.1/../../../../arm-none-eabi/lib/thumb/v7-m/nofp\libc_nano.a(libc_a-findfp.o) (__sread)
D:/ST/STM32CubeIDE_1.19.0/STM32CubeIDE/plugins/com.st.stm32cube.ide.mcu.externaltools.gnu-tools-for-stm32.13.3.rel1.win32_1.0.0.202411081344/tools/bin/../lib/gcc/arm-none-eabi/13.3.1/../../../../arm-none-eabi/lib/thumb/v7-m/nofp\libc_nano.a(libc_a-memcmp.o)
                              ./Core/Src/oled.o (memcmp)
D:/ST/STM32CubeIDE_1.19.0/STM32CubeIDE/plugins/com.st.stm32cube.ide.mcu.externaltools.gnu-tools-for-stm32.13.3.rel1.win32_1.0.0.202411081344/tools/bin/../lib/gcc/arm-none-eabi/13.3.1/../../../../arm-none-eabi/lib/thumb/v7-m/nofp\libc_nano.a(libc_a-memset.o)
                              D:/ST/STM32CubeIDE_1.19.0/STM32CubeIDE/plugins/com.st.stm32cube.ide.mcu.externaltools.gnu-tools-for-stm32.13.3.rel1.win32_1.0.0.202411081344/tools/bin/../lib/gcc/arm-none-eabi/13.3.1/../../../../arm-none-eabi/lib/thumb/v7-m/nofp/crt0.o (memset)
D:/ST/STM32CubeIDE_1.19.0/STM32CubeIDE/plugins/com.st.stm32cube.ide.mcu.externaltools.gnu-tools-for-stm32.13.3.rel1.win32_1.0.0.202411081344/tools/bin/../lib/gcc/arm-none-eabi/13.3.1/../../../../arm-none-eabi/lib/thumb/v7-m/nofp\libc_nano.a(libc_a-closer.o)
                              D:/ST/STM32CubeIDE_1.19.0/STM32CubeIDE/plugins/com.st.stm32cube.ide.mcu.externaltools.gnu-tools-for-stm32.13.3.rel1.win32_1.0.0.202411081344/tools/bin/../lib/gcc/arm-none-eabi/13.3.1/../../../../arm-none-eabi/lib/thumb/v7-m/nofp\libc_nano.a(libc_a-stdio.o) (_close_r)
D:/ST/STM32CubeIDE_1.19.0/STM32CubeIDE/plugins/com.st.stm32cube.ide.mcu.externaltools.gnu-tools-for-stm32.13.3.rel1.win32_1.0.0.202411081344/tools/bin/../lib/gcc/arm-none-eabi/13.3.1/../../../../arm-none-eabi/lib/thumb/v7-m/nofp\libc_nano.a(libc_a-reent.o)
                              D:/ST/STM32CubeIDE_1.19.0/STM32CubeIDE/plugins/com.st.stm32cube.ide.mcu.externaltools.gnu-tools-for-stm32.13.3.rel1.win32_1.0.0.202411081344/tools/bin/../lib/gcc/arm-none-eabi/13.3.1/../../../../arm-none-eabi/lib/thumb/v7-m/nofp\libc_nano.a(libc_a-closer.o) (errno)
D:/ST/STM32CubeIDE_1.19.0/STM32CubeIDE/plugins/com.st.stm32cube.ide.mcu.externaltools.gnu-tools-for-stm32.13.3.rel1.win32_1.0.0.202411081344/tools/bin/../lib/gcc/arm-none-eabi/13.3.1/../../../../arm-none-eabi/lib/thumb/v7-m/nofp\libc_nano.a(libc_a-impure.o)
[...]
Memory Configuration

Name             Origin             Length             Attributes
RAM              0x20000000         0x00005000         xrw
FLASH            0x08000000         0x00010000         xr
*default*        0x00000000         0xffffffff

Linker script and memory map

LOAD D:/ST/STM32CubeIDE_1.19.0/STM32CubeIDE/plugins/com.st.stm32cube.ide.mcu.externaltools.gnu-tools-for-stm32.13.3.rel1.win32_1.0.0.202411081344/tools/bin/../lib/gcc/arm-none-eabi/13.3.1/thumb/v7-m/nofp/crti.o
LOAD D:/ST/STM32CubeIDE_1.19.0/STM32CubeIDE/plugins/com.st.stm32cube.ide.mcu.externaltools.gnu-tools-for-stm32.13.3.rel1.win32_1.0.0.202411081344/tools/bin/../lib/gcc/arm-none-eabi/13.3.1/thumb/v7-m/nofp/crtbegin.o
LOAD D:/ST/STM32CubeIDE_1.19.0/STM32CubeIDE/plugins/com.st.stm32cube.ide.mcu.externaltools.gnu-tools-for-stm32.13.3.rel1.win32_1.0.0.202411081344/tools/bin/../lib/gcc/arm-none-eabi/13.3.1/../../../../arm-none-eabi/lib/thumb/v7-m/nofp/crt0.o
LOAD ./Core/Src/dma.o
LOAD ./Core/Src/font.o
LOAD ./Core/Src/gpio.o
LOAD ./Core/Src/i2c.o
LOAD ./Core/Src/keypad.o
LOAD ./Core/Src/main.o
LOAD ./Core/Src/oled.o
LOAD ./Core/Src/stm32f1xx_hal_msp.o
LOAD ./Core/Src/stm32f1xx_it.o
LOAD ./Core/Src/syscalls.o
LOAD ./Core/Src/sysmem.o
LOAD ./Core/Src/system_stm32f1xx.o
LOAD ./Core/Src/tim.o
LOAD ./Core/Src/ws2812.o
LOAD ./Core/Startup/startup_stm32f103c8tx.o
LOAD ./Drivers/STM32F1xx_HAL_Driver/Src/stm32f1xx_hal.o
LOAD ./Drivers/STM32F1xx_HAL_Driver/Src/stm32f1xx_hal_cortex.o
LOAD ./Drivers/STM32F1xx_HAL_Driver/Src/stm32f1xx_hal_dma.o
LOAD ./Drivers/STM32F1xx_HAL_Driver/Src/stm32f1xx_hal_exti.o
LOAD ./Drivers/STM32F1xx_HAL_Driver/Src/stm32f1xx_hal_flash.o
LOAD ./Drivers/STM32F1xx_HAL_Driver/Src/stm32f1xx_hal_flash_ex.o
LOAD ./Drivers/STM32F1xx_HAL_Driver/Src/stm32f1xx_hal_gpio.o
LOAD ./Drivers/STM32F1xx_HAL_Driver/Src/stm32f1xx_hal_gpio_ex.o
LOAD ./Drivers/STM32F1xx_HAL_Driver/Src/stm32f1xx_hal_i2c.o
LOAD ./Drivers/STM32F1xx_HAL_Driver/Src/stm32f1xx_hal_pcd.o
LOAD ./Drivers/STM32F1xx_HAL_Driver/Src/stm32f1xx_hal_pcd_ex.o
LOAD ./Drivers/STM32F1xx_HAL_Driver/Src/stm32f1xx_hal_pwr.o
LOAD ./Drivers/STM32F1xx_HAL_Driver/Src/stm32f1xx_hal_rcc.o
LOAD ./Drivers/STM32F1xx_HAL_Driver/Src/stm32f1xx_hal_rcc_ex.o
LOAD ./Drivers/STM32F1xx_HAL_Driver/Src/stm32f1xx_hal_tim.o
LOAD ./Drivers/STM32F1xx_HAL_Driver/Src/stm32f1xx_hal_tim_ex.o
LOAD ./Drivers/STM32F1xx_HAL_Driver/Src/stm32f1xx_ll_usb.o
LOAD ./Middlewares/ST/STM32_USB_Device_Library/Class/HID/Src/usbd_hid.o
LOAD ./Middlewares/ST/STM32_USB_Device_Library/Core/Src/usbd_core.o
LOAD ./Middlewares/ST/STM32_USB_Device_Library/Core/Src/usbd_ctlreq.o
LOAD ./Middlewares/ST/STM32_USB_Device_Library/Core/Src/usbd_ioreq.o
LOAD ./USB_DEVICE/App/usb_device.o
LOAD ./USB_DEVICE/App/usbd_desc.o
LOAD ./USB_DEVICE/Target/usbd_conf.o
START GROUP
LOAD D:/ST/STM32CubeIDE_1.19.0/STM32CubeIDE/plugins/com.st.stm32cube.ide.mcu.externaltools.gnu-tools-for-stm32.13.3.rel1.win32_1.0.0.202411081344/tools/bin/../lib/gcc/arm-none-eabi/13.3.1/../../../../arm-none-eabi/lib/thumb/v7-m/nofp\libc_nano.a
LOAD D:/ST/STM32CubeIDE_1.19.0/STM32CubeIDE/plugins/com.st.stm32cube.ide.mcu.externaltools.gnu-tools-for-stm32.13.3.rel1.win32_1.0.0.202411081344/tools/bin/../lib/gcc/arm-none-eabi/13.3.1/../../../../arm-none-eabi/lib/thumb/v7-m/nofp\libm.a
END GROUP
START GROUP
LOAD D:/ST/STM32CubeIDE_1.19.0/STM32CubeIDE/plugins/com.st.stm32cube.ide.mcu.externaltools.gnu-tools-for-stm32.13.3.rel1.win32_1.0.0.202411081344/tools/bin/../lib/gcc/arm-none-eabi/13.3.1/thumb/v7-m/nofp\libgcc.a
LOAD D:/ST/STM32CubeIDE_1.19.0/STM32CubeIDE/plugins/com.st.stm32cube.ide.mcu.externaltools.gnu-tools-for-stm32.13.3.rel1.win32_1.0.0.202411081344/tools/bin/../lib/gcc/arm-none-eabi/13.3.1/../../../../arm-none-eabi/lib/thumb/v7-m/nofp\libc_nano.a
END GROUP
START GROUP
LOAD D:/ST/STM32CubeIDE_1.19.0/STM32CubeIDE/plugins/com.st.stm32cube.ide.mcu.externaltools.gnu-tools-for-stm32.13.3.rel1.win32_1.0.0.202411081344/tools/bin/../lib/gcc/arm-none-eabi/13.3.1/thumb/v7-m/nofp\libgcc.a
LOAD D:/ST/STM32CubeIDE_1.19.0/STM32CubeIDE/plugins/com.st.stm32cube.ide.mcu.externaltools.gnu-tools-for-stm32.13.3.rel1.win32_1.0.0.202411081344/tools/bin/../lib/gcc/arm-none-eabi/13.3.1/../../../../arm-none-eabi/lib/thumb/v7-m/nofp\libc_nano.a
LOAD D:/ST/STM32CubeIDE_1.19.0/STM32CubeIDE/plugins/com.st.stm32cube.ide.mcu.externaltools.gnu-tools-for-stm32.13.3.rel1.win32_1.0.0.202411081344/tools/bin/../lib/gcc/arm-none-eabi/13.3.1/../../../../arm-none-eabi/lib/thumb/v7-m/nofp\libnosys.a
END GROUP
START GROUP
LOAD D:/ST/STM32CubeIDE_1.19.0/STM32CubeIDE/plugins/com.st.stm32cube.ide.mcu.externaltools.gnu-tools-for-stm32.13.3.rel1.win32_1.0.0.202411081344/tools/bin/../lib/gcc/arm-none-eabi/13.3.1/thumb/v7-m/nofp\libgcc.a
LOAD D:/ST/STM32CubeIDE_1.19.0/STM32CubeIDE/plugins/com.st.stm32cube.ide.mcu.externaltools.gnu-tools-for-stm32.13.3.rel1.win32_1.0.0.202411081344/tools/bin/../lib/gcc/arm-none-eabi/13.3.1/../../../../arm-none-eabi/lib/thumb/v7-m/nofp\libc_nano.a
LOAD D:/ST/STM32CubeIDE_1.19.0/STM32CubeIDE/plugins/com.st.stm32cube.ide.mcu.externaltools.gnu-tools-for-stm32.13.3.rel1.win32_1.0.0.202411081344/tools/bin/../lib/gcc/arm-none-eabi/13.3.1/../../../../arm-none-eabi/lib/thumb/v7-m/nofp\libnosys.a
END GROUP
LOAD D:/ST/STM32CubeIDE_1.19.0/STM32CubeIDE/plugins/com.st.stm32cube.ide.mcu.externaltools.gnu-tools-for-stm32.13.3.rel1.win32_1.0.0.202411081344/tools/bin/../lib/gcc/arm-none-eabi/13.3.1/thumb/v7-m/nofp/crtend.o
LOAD D:/ST/STM32CubeIDE_1.19.0/STM32CubeIDE/plugins/com.st.stm32cube.ide.mcu.externaltools.gnu-tools-for-stm32.13.3.rel1.win32_1.0.0.202411081344/tools/bin/../lib/gcc/arm-none-eabi/13.3.1/thumb/v7-m/nofp/crtn.o
                0x20005000                        _estack = (ORIGIN (RAM) + LENGTH (RAM))
                0x00000200                        _Min_Heap_Size = 0x200
                0x00000400                        _Min_Stack_Size = 0x400

.isr_vector     0x08000000      0x10c
                0x08000000                        . = ALIGN (0x4)
 *(.isr_vector)
 .isr_vector    0x08000000      0x10c ./Core/Startup/startup_stm32f103c8tx.o
                0x08000000                g_pfnVectors
                0x0800010c                        . = ALIGN (0x4)

.text           0x0800010c     0xa98c
                0x0800010c                        . = ALIGN (0x4)
 *(.text)
 .text          0x0800010c       0x40 D:/ST/STM32CubeIDE_1.19.0/STM32CubeIDE/plugins/com.st.stm32cube.ide.mcu.externaltools.gnu-tools-for-stm32.13.3.rel1.win32_1.0.0.202411081344/tools/bin/../lib/gcc/arm-none-eabi/13.3.1/thumb/v7-m/nofp/crtbegin.o
 *(.text*)
 .text.MX_DMA_Init
                0x0800014c       0x3c ./Core/Src/dma.o
                0x0800014c                MX_DMA_Init
 .text.MX_GPIO_Init
                0x08000188      0x120 ./Core/Src/gpio.o
                0x08000188                MX_GPIO_Init
 .text.MX_I2C1_Init
                0x080002a8       0x5c ./Core/Src/i2c.o
                0x080002a8                MX_I2C1_Init
 .text.HAL_I2C_MspInit
                0x08000304       0x7c ./Core/Src/i2c.o
                0x08000304                HAL_I2C_MspInit
 .text.ScanKeypad
                0x08000380      0x3ec ./Core/Src/keypad.o
                0x08000380                ScanKeypad
 .text.main     0x0800076c      0x12c ./Core/Src/main.o
                0x0800076c                main
 .text.SystemClock_Config
                0x08000898       0xb4 ./Core/Src/main.o
                0x08000898                SystemClock_Config
 .text.Error_Handler
                0x0800094c        0xc ./Core/Src/main.o
                0x0800094c                Error_Handler
 .text.OLED_Send
                0x08000958       0x2c ./Core/Src/oled.o
                0x08000958                OLED_Send
 .text.OLED_SendCmd
                0x08000984       0x24 ./Core/Src/oled.o
                0x08000984                OLED_SendCmd
 .text.OLED_Init
                0x080009a8       0xb8 ./Core/Src/oled.o
                0x080009a8                OLED_Init
 .text.OLED_NewFrame
                0x08000a60       0x18 ./Core/Src/oled.o
                0x08000a60                OLED_NewFrame
 .text.OLED_ShowFrame
                0x08000a78       0x68 ./Core/Src/oled.o
                0x08000a78                OLED_ShowFrame
 .text.OLED_SetByte_Fine
                0x08000ae0       0xf8 ./Core/Src/oled.o
                0x08000ae0                OLED_SetByte_Fine
 .text.OLED_SetBits_Fine
                0x08000bd8       0xbe ./Core/Src/oled.o
                0x08000bd8                OLED_SetBits_Fine
 .text.OLED_SetBits
                0x08000c96       0x82 ./Core/Src/oled.o
                0x08000c96                OLED_SetBits
 .text.OLED_SetBlock
                0x08000d18       0xe2 ./Core/Src/oled.o
                0x08000d18                OLED_SetBlock
 .text.OLED_DrawImage
                0x08000dfa       0x3c ./Core/Src/oled.o
                0x08000dfa                OLED_DrawImage
 *fill*         0x08000e36        0x2 
 .text.HAL_MspInit
                0x08000e38       0x64 ./Core/Src/stm32f1xx_hal_msp.o
                0x08000e38                HAL_MspInit
 .text.NMI_Handler
                0x08000e9c        0x8 ./Core/Src/stm32f1xx_it.o
                0x08000e9c                NMI_Handler
 .text.HardFault_Handler
                0x08000ea4        0x8 ./Core/Src/stm32f1xx_it.o
                0x08000ea4                HardFault_Handler
 .text.MemManage_Handler
                0x08000eac        0x8 ./Core/Src/stm32f1xx_it.o
                0x08000eac                MemManage_Handler
 .text.BusFault_Handler
                0x08000eb4        0x8 ./Core/Src/stm32f1xx_it.o
                0x08000eb4                BusFault_Handler
 .text.UsageFault_Handler
                0x08000ebc        0x8 ./Core/Src/stm32f1xx_it.o
                0x08000ebc                UsageFault_Handler
 .text.SVC_Handler
                0x08000ec4        0xc ./Core/Src/stm32f1xx_it.o
                0x08000ec4                SVC_Handler
 .text.DebugMon_Handler
                0x08000ed0        0xc ./Core/Src/stm32f1xx_it.o
                0x08000ed0                DebugMon_Handler
 .text.PendSV_Handler
                0x08000edc        0xc ./Core/Src/stm32f1xx_it.o
                0x08000edc                PendSV_Handler
 .text.SysTick_Handler
                0x08000ee8        0xc ./Core/Src/stm32f1xx_it.o
                0x08000ee8                SysTick_Handler
 .text.DMA1_Channel6_IRQHandler
                0x08000ef4       0x14 ./Core/Src/stm32f1xx_it.o
                0x08000ef4                DMA1_Channel6_IRQHandler
 .text.USB_LP_CAN1_RX0_IRQHandler
                0x08000f08       0x14 ./Core/Src/stm32f1xx_it.o
                0x08000f08                USB_LP_CAN1_RX0_IRQHandler
 .text.EXTI9_5_IRQHandler
                0x08000f1c       0x34 ./Core/Src/stm32f1xx_it.o
                0x08000f1c                EXTI9_5_IRQHandler
 .text.TIM2_IRQHandler
                0x08000f50       0x14 ./Core/Src/stm32f1xx_it.o
                0x08000f50                TIM2_IRQHandler
 .text.SystemInit
                0x08000f64        0xc ./Core/Src/system_stm32f1xx.o
                0x08000f64                SystemInit
 .text.MX_TIM1_Init
                0x08000f70       0xb0 ./Core/Src/tim.o
                0x08000f70                MX_TIM1_Init
 .text.MX_TIM2_Init
                0x08001020       0xb4 ./Core/Src/tim.o
                0x08001020                MX_TIM2_Init
 .text.MX_TIM3_Init
                0x080010d4       0xec ./Core/Src/tim.o
                0x080010d4                MX_TIM3_Init
 .text.HAL_TIM_Encoder_MspInit
                0x080011c0       0x80 ./Core/Src/tim.o
                0x080011c0                HAL_TIM_Encoder_MspInit
 .text.HAL_TIM_OC_MspInit
                0x08001240       0x48 ./Core/Src/tim.o
                0x08001240                HAL_TIM_OC_MspInit
 .text.HAL_TIM_Base_MspInit
                0x08001288       0xa0 ./Core/Src/tim.o
                0x08001288                HAL_TIM_Base_MspInit
 .text.HAL_TIM_MspPostInit
                0x08001328       0xcc ./Core/Src/tim.o
                0x08001328                HAL_TIM_MspPostInit
 .text.WS2812_Set
                0x080013f4       0x60 ./Core/Src/ws2812.o
                0x080013f4                WS2812_Set
 .text.WS2812_SetAll
                0x08001454       0x3a ./Core/Src/ws2812.o
                0x08001454                WS2812_SetAll
 *fill*         0x0800148e        0x2 
 .text.WS2812_Update
                0x08001490      0x120 ./Core/Src/ws2812.o
                0x08001490                WS2812_Update
 .text.getColorFromEncoder
                0x080015b0      0x118 ./Core/Src/ws2812.o
                0x080015b0                getColorFromEncoder
 .text.Reset_Handler
                0x080016c8       0x48 ./Core/Startup/startup_stm32f103c8tx.o
                0x080016c8                Reset_Handler
 .text.Default_Handler
                0x08001710        0x2 ./Core/Startup/startup_stm32f103c8tx.o
                0x08001710                RTC_Alarm_IRQHandler
                0x08001710                EXTI2_IRQHandler
                0x08001710                TIM1_CC_IRQHandler
                0x08001710                PVD_IRQHandler
                0x08001710                EXTI3_IRQHandler
                0x08001710                EXTI0_IRQHandler
                0x08001710                I2C2_EV_IRQHandler
                0x08001710                ADC1_2_IRQHandler
                0x08001710                SPI1_IRQHandler
                0x08001710                TAMPER_IRQHandler
                0x08001710                DMA1_Channel4_IRQHandler
                0x08001710                USART3_IRQHandler
                0x08001710                RTC_IRQHandler
                0x08001710                DMA1_Channel7_IRQHandler
                0x08001710                CAN1_RX1_IRQHandler
                0x08001710                TIM4_IRQHandler
                0x08001710                I2C1_EV_IRQHandler
                0x08001710                TIM3_IRQHandler
                0x08001710                RCC_IRQHandler
                0x08001710                TIM1_TRG_COM_IRQHandler
                0x08001710                DMA1_Channel1_IRQHandler
                0x08001710                Default_Handler
                0x08001710                EXTI15_10_IRQHandler
                0x08001710                SPI2_IRQHandler
                0x08001710                DMA1_Channel5_IRQHandler
                0x08001710                EXTI4_IRQHandler
                0x08001710                USB_HP_CAN1_TX_IRQHandler
                0x08001710                DMA1_Channel3_IRQHandler
                0x08001710                TIM1_UP_IRQHandler
                0x08001710                WWDG_IRQHandler
                0x08001710                TIM1_BRK_IRQHandler
                0x08001710                EXTI1_IRQHandler
                0x08001710                USART2_IRQHandler
                0x08001710                I2C2_ER_IRQHandler
                0x08001710                DMA1_Channel2_IRQHandler
                0x08001710                CAN1_SCE_IRQHandler
                0x08001710                FLASH_IRQHandler
                0x08001710                USART1_IRQHandler
                0x08001710                I2C1_ER_IRQHandler
                0x08001710                USBWakeUp_IRQHandler
 *fill*         0x08001712        0x2 
 .text.HAL_Init
                0x08001714       0x2c ./Drivers/STM32F1xx_HAL_Driver/Src/stm32f1xx_hal.o
                0x08001714                HAL_Init
 .text.HAL_InitTick
                0x08001740       0x60 ./Drivers/STM32F1xx_HAL_Driver/Src/stm32f1xx_hal.o
                0x08001740                HAL_InitTick
 .text.HAL_IncTick
                0x080017a0       0x24 ./Drivers/STM32F1xx_HAL_Driver/Src/stm32f1xx_hal.o
                0x080017a0                HAL_IncTick
 .text.HAL_GetTick
                0x080017c4       0x14 ./Drivers/STM32F1xx_HAL_Driver/Src/stm32f1xx_hal.o
                0x080017c4                HAL_GetTick
 .text.HAL_Delay
                0x080017d8       0x48 ./Drivers/STM32F1xx_HAL_Driver/Src/stm32f1xx_hal.o
                0x080017d8                HAL_Delay
 .text.__NVIC_SetPriorityGrouping
                0x08001820       0x48 ./Drivers/STM32F1xx_HAL_Driver/Src/stm32f1xx_hal_cortex.o
 .text.__NVIC_GetPriorityGrouping
                0x08001868       0x1c ./Drivers/STM32F1xx_HAL_Driver/Src/stm32f1xx_hal_cortex.o
 .text.__NVIC_EnableIRQ
                0x08001884       0x38 ./Drivers/STM32F1xx_HAL_Driver/Src/stm32f1xx_hal_cortex.o
 .text.__NVIC_SetPriority
                0x080018bc       0x54 ./Drivers/STM32F1xx_HAL_Driver/Src/stm32f1xx_hal_cortex.o
 .text.NVIC_EncodePriority
                0x08001910       0x64 ./Drivers/STM32F1xx_HAL_Driver/Src/stm32f1xx_hal_cortex.o
 .text.SysTick_Config
                0x08001974       0x44 ./Drivers/STM32F1xx_HAL_Driver/Src/stm32f1xx_hal_cortex.o
 .text.HAL_NVIC_SetPriorityGrouping
                0x080019b8       0x16 ./Drivers/STM32F1xx_HAL_Driver/Src/stm32f1xx_hal_cortex.o
                0x080019b8                HAL_NVIC_SetPriorityGrouping
 .text.HAL_NVIC_SetPriority
                0x080019ce       0x38 ./Drivers/STM32F1xx_HAL_Driver/Src/stm32f1xx_hal_cortex.o
                0x080019ce                HAL_NVIC_SetPriority
 .text.HAL_NVIC_EnableIRQ
                0x08001a06       0x1c ./Drivers/STM32F1xx_HAL_Driver/Src/stm32f1xx_hal_cortex.o
                0x08001a06                HAL_NVIC_EnableIRQ
 .text.HAL_SYSTICK_Config
                0x08001a22       0x18 ./Drivers/STM32F1xx_HAL_Driver/Src/stm32f1xx_hal_cortex.o
                0x08001a22                HAL_SYSTICK_Config
 *fill*         0x08001a3a        0x2 
 .text.HAL_DMA_Init
                0x08001a3c       0xb4 ./Drivers/STM32F1xx_HAL_Driver/Src/stm32f1xx_hal_dma.o
                0x08001a3c                HAL_DMA_Init
 .text.HAL_DMA_Start_IT
                0x08001af0       0xc0 ./Drivers/STM32F1xx_HAL_Driver/Src/stm32f1xx_hal_dma.o
                0x08001af0                HAL_DMA_Start_IT
 .text.HAL_DMA_Abort_IT
                0x08001bb0       0xf0 ./Drivers/STM32F1xx_HAL_Driver/Src/stm32f1xx_hal_dma.o
                0x08001bb0                HAL_DMA_Abort_IT
 .text.HAL_DMA_IRQHandler
                0x08001ca0      0x20c ./Drivers/STM32F1xx_HAL_Driver/Src/stm32f1xx_hal_dma.o
                0x08001ca0                HAL_DMA_IRQHandler
 .text.DMA_SetConfig
                0x08001eac       0x5a ./Drivers/STM32F1xx_HAL_Driver/Src/stm32f1xx_hal_dma.o
 *fill*         0x08001f06        0x2 
 .text.HAL_GPIO_Init
                0x08001f08      0x308 ./Drivers/STM32F1xx_HAL_Driver/Src/stm32f1xx_hal_gpio.o
                0x08001f08                HAL_GPIO_Init
 .text.HAL_GPIO_ReadPin
                0x08002210       0x2e ./Drivers/STM32F1xx_HAL_Driver/Src/stm32f1xx_hal_gpio.o
                0x08002210                HAL_GPIO_ReadPin
 .text.HAL_GPIO_WritePin
                0x0800223e       0x30 ./Drivers/STM32F1xx_HAL_Driver/Src/stm32f1xx_hal_gpio.o
                0x0800223e                HAL_GPIO_WritePin
 *fill*         0x0800226e        0x2 
 .text.HAL_GPIO_EXTI_IRQHandler
                0x08002270       0x30 ./Drivers/STM32F1xx_HAL_Driver/Src/stm32f1xx_hal_gpio.o
                0x08002270                HAL_GPIO_EXTI_IRQHandler
 .text.HAL_GPIO_EXTI_Callback
                0x080022a0       0x14 ./Drivers/STM32F1xx_HAL_Driver/Src/stm32f1xx_hal_gpio.o
                0x080022a0                HAL_GPIO_EXTI_Callback
 .text.HAL_I2C_Init
                0x080022b4      0x288 ./Drivers/STM32F1xx_HAL_Driver/Src/stm32f1xx_hal_i2c.o
                0x080022b4                HAL_I2C_Init
 .text.HAL_I2C_Master_Transmit
                0x0800253c      0x1fc ./Drivers/STM32F1xx_HAL_Driver/Src/stm32f1xx_hal_i2c.o
                0x0800253c                HAL_I2C_Master_Transmit
 .text.I2C_MasterRequestWrite
                0x08002738      0x104 ./Drivers/STM32F1xx_HAL_Driver/Src/stm32f1xx_hal_i2c.o
 .text.I2C_WaitOnFlagUntilTimeout
                0x0800283c       0xf4 ./Drivers/STM32F1xx_HAL_Driver/Src/stm32f1xx_hal_i2c.o
 .text.I2C_WaitOnMasterAddressFlagUntilTimeout
                0x08002930      0x140 ./Drivers/STM32F1xx_HAL_Driver/Src/stm32f1xx_hal_i2c.o
 .text.I2C_WaitOnTXEFlagUntilTimeout
                0x08002a70       0x90 ./Drivers/STM32F1xx_HAL_Driver/Src/stm32f1xx_hal_i2c.o
 .text.I2C_WaitOnBTFFlagUntilTimeout
                0x08002b00       0x90 ./Drivers/STM32F1xx_HAL_Driver/Src/stm32f1xx_hal_i2c.o
 .text.I2C_IsAcknowledgeFailed
                0x08002b90       0x5c ./Drivers/STM32F1xx_HAL_Driver/Src/stm32f1xx_hal_i2c.o
 .text.HAL_PCD_Init
                0x08002bec      0x1ec ./Drivers/STM32F1xx_HAL_Driver/Src/stm32f1xx_hal_pcd.o
                0x08002bec                HAL_PCD_Init
 .text.HAL_PCD_Start
                0x08002dd8       0x4c ./Drivers/STM32F1xx_HAL_Driver/Src/stm32f1xx_hal_pcd.o
                0x08002dd8                HAL_PCD_Start
 .text.HAL_PCD_IRQHandler
                0x08002e24      0x260 ./Drivers/STM32F1xx_HAL_Driver/Src/stm32f1xx_hal_pcd.o
                0x08002e24                HAL_PCD_IRQHandler
 .text.HAL_PCD_SetAddress
                0x08003084       0x48 ./Drivers/STM32F1xx_HAL_Driver/Src/stm32f1xx_hal_pcd.o
                0x08003084                HAL_PCD_SetAddress
 .text.HAL_PCD_EP_Open
                0x080030cc       0xba ./Drivers/STM32F1xx_HAL_Driver/Src/stm32f1xx_hal_pcd.o
                0x080030cc                HAL_PCD_EP_Open
 .text.HAL_PCD_EP_Close
                0x08003186       0x90 ./Drivers/STM32F1xx_HAL_Driver/Src/stm32f1xx_hal_pcd.o
                0x08003186                HAL_PCD_EP_Close
 .text.HAL_PCD_EP_Receive
                0x08003216       0x62 ./Drivers/STM32F1xx_HAL_Driver/Src/stm32f1xx_hal_pcd.o
                0x08003216                HAL_PCD_EP_Receive
 .text.HAL_PCD_EP_Transmit
                0x08003278       0x6e ./Drivers/STM32F1xx_HAL_Driver/Src/stm32f1xx_hal_pcd.o
                0x08003278                HAL_PCD_EP_Transmit
 .text.HAL_PCD_EP_SetStall
                0x080032e6       0xc0 ./Drivers/STM32F1xx_HAL_Driver/Src/stm32f1xx_hal_pcd.o
                0x080032e6                HAL_PCD_EP_SetStall
 .text.HAL_PCD_EP_ClrStall
                0x080033a6       0xa8 ./Drivers/STM32F1xx_HAL_Driver/Src/stm32f1xx_hal_pcd.o
                0x080033a6                HAL_PCD_EP_ClrStall
 .text.PCD_EP_ISR_Handler
                0x0800344e      0x79e ./Drivers/STM32F1xx_HAL_Driver/Src/stm32f1xx_hal_pcd.o
 .text.HAL_PCD_EP_DB_Receive
                0x08003bec      0x21a ./Drivers/STM32F1xx_HAL_Driver/Src/stm32f1xx_hal_pcd.o
 .text.HAL_PCD_EP_DB_Transmit
                0x08003e06      0x7f4 ./Drivers/STM32F1xx_HAL_Driver/Src/stm32f1xx_hal_pcd.o
 .text.HAL_PCDEx_PMAConfig
                0x080045fa       0x84 ./Drivers/STM32F1xx_HAL_Driver/Src/stm32f1xx_hal_pcd_ex.o
                0x080045fa                HAL_PCDEx_PMAConfig
 *fill*         0x0800467e        0x2 
 .text.HAL_RCC_OscConfig
                0x08004680      0x504 ./Drivers/STM32F1xx_HAL_Driver/Src/stm32f1xx_hal_rcc.o
                0x08004680                HAL_RCC_OscConfig
 .text.HAL_RCC_ClockConfig
                0x08004b84      0x1d4 ./Drivers/STM32F1xx_HAL_Driver/Src/stm32f1xx_hal_rcc.o
                0x08004b84                HAL_RCC_ClockConfig
 .text.HAL_RCC_GetSysClockFreq
                0x08004d58       0xa8 ./Drivers/STM32F1xx_HAL_Driver/Src/stm32f1xx_hal_rcc.o
                0x08004d58                HAL_RCC_GetSysClockFreq
 .text.HAL_RCC_GetHCLKFreq
                0x08004e00       0x14 ./Drivers/STM32F1xx_HAL_Driver/Src/stm32f1xx_hal_rcc.o
                0x08004e00                HAL_RCC_GetHCLKFreq
 .text.HAL_RCC_GetPCLK1Freq
                0x08004e14       0x28 ./Drivers/STM32F1xx_HAL_Driver/Src/stm32f1xx_hal_rcc.o
                0x08004e14                HAL_RCC_GetPCLK1Freq
 .text.RCC_Delay
                0x08004e3c       0x3c ./Drivers/STM32F1xx_HAL_Driver/Src/stm32f1xx_hal_rcc.o
 .text.HAL_RCCEx_PeriphCLKConfig
                0x08004e78      0x16c ./Drivers/STM32F1xx_HAL_Driver/Src/stm32f1xx_hal_rcc_ex.o
                0x08004e78                HAL_RCCEx_PeriphCLKConfig
 .text.HAL_TIM_Base_Init
                0x08004fe4       0x9e ./Drivers/STM32F1xx_HAL_Driver/Src/stm32f1xx_hal_tim.o
                0x08004fe4                HAL_TIM_Base_Init
 .text.HAL_TIM_OC_Init
                0x08005082       0x9e ./Drivers/STM32F1xx_HAL_Driver/Src/stm32f1xx_hal_tim.o
                0x08005082                HAL_TIM_OC_Init
 .text.HAL_TIM_PWM_Init
                0x08005120       0x9e ./Drivers/STM32F1xx_HAL_Driver/Src/stm32f1xx_hal_tim.o
                0x08005120                HAL_TIM_PWM_Init
 .text.HAL_TIM_PWM_MspInit
                0x080051be       0x12 ./Drivers/STM32F1xx_HAL_Driver/Src/stm32f1xx_hal_tim.o
                0x080051be                HAL_TIM_PWM_MspInit
 .text.HAL_TIM_PWM_Start_DMA
                0x080051d0      0x344 ./Drivers/STM32F1xx_HAL_Driver/Src/stm32f1xx_hal_tim.o
                0x080051d0                HAL_TIM_PWM_Start_DMA
 .text.HAL_TIM_PWM_Stop_DMA
                0x08005514      0x18c ./Drivers/STM32F1xx_HAL_Driver/Src/stm32f1xx_hal_tim.o
                0x08005514                HAL_TIM_PWM_Stop_DMA
 .text.HAL_TIM_Encoder_Init
                0x080056a0      0x144 ./Drivers/STM32F1xx_HAL_Driver/Src/stm32f1xx_hal_tim.o
                0x080056a0                HAL_TIM_Encoder_Init
 .text.HAL_TIM_Encoder_Start
                0x080057e4      0x11c ./Drivers/STM32F1xx_HAL_Driver/Src/stm32f1xx_hal_tim.o
                0x080057e4                HAL_TIM_Encoder_Start
 .text.HAL_TIM_IRQHandler
                0x08005900      0x1e0 ./Drivers/STM32F1xx_HAL_Driver/Src/stm32f1xx_hal_tim.o
                0x08005900                HAL_TIM_IRQHandler
 .text.HAL_TIM_OC_ConfigChannel
                0x08005ae0       0xb8 ./Drivers/STM32F1xx_HAL_Driver/Src/stm32f1xx_hal_tim.o
                0x08005ae0                HAL_TIM_OC_ConfigChannel
 .text.HAL_TIM_PWM_ConfigChannel
                0x08005b98      0x184 ./Drivers/STM32F1xx_HAL_Driver/Src/stm32f1xx_hal_tim.o
                0x08005b98                HAL_TIM_PWM_ConfigChannel
 .text.HAL_TIM_ConfigClockSource
                0x08005d1c      0x18e ./Drivers/STM32F1xx_HAL_Driver/Src/stm32f1xx_hal_tim.o
                0x08005d1c                HAL_TIM_ConfigClockSource
 .text.HAL_TIM_PeriodElapsedCallback
                0x08005eaa       0x12 ./Drivers/STM32F1xx_HAL_Driver/Src/stm32f1xx_hal_tim.o
                0x08005eaa                HAL_TIM_PeriodElapsedCallback
 .text.HAL_TIM_OC_DelayElapsedCallback
                0x08005ebc       0x12 ./Drivers/STM32F1xx_HAL_Driver/Src/stm32f1xx_hal_tim.o
                0x08005ebc                HAL_TIM_OC_DelayElapsedCallback
 .text.HAL_TIM_IC_CaptureCallback
                0x08005ece       0x12 ./Drivers/STM32F1xx_HAL_Driver/Src/stm32f1xx_hal_tim.o
                0x08005ece                HAL_TIM_IC_CaptureCallback
 .text.HAL_TIM_PWM_PulseFinishedCallback
                0x08005ee0       0x12 ./Drivers/STM32F1xx_HAL_Driver/Src/stm32f1xx_hal_tim.o
                0x08005ee0                HAL_TIM_PWM_PulseFinishedCallback
 .text.HAL_TIM_PWM_PulseFinishedHalfCpltCallback
                0x08005ef2       0x12 ./Drivers/STM32F1xx_HAL_Driver/Src/stm32f1xx_hal_tim.o
                0x08005ef2                HAL_TIM_PWM_PulseFinishedHalfCpltCallback
 .text.HAL_TIM_TriggerCallback
                0x08005f04       0x12 ./Drivers/STM32F1xx_HAL_Driver/Src/stm32f1xx_hal_tim.o
                0x08005f04                HAL_TIM_TriggerCallback
 .text.HAL_TIM_ErrorCallback
                0x08005f16       0x12 ./Drivers/STM32F1xx_HAL_Driver/Src/stm32f1xx_hal_tim.o
                0x08005f16                HAL_TIM_ErrorCallback
 .text.TIM_DMAError
                0x08005f28       0x92 ./Drivers/STM32F1xx_HAL_Driver/Src/stm32f1xx_hal_tim.o
                0x08005f28                TIM_DMAError
 .text.TIM_DMADelayPulseCplt
                0x08005fba       0xa8 ./Drivers/STM32F1xx_HAL_Driver/Src/stm32f1xx_hal_tim.o
 .text.TIM_DMADelayPulseHalfCplt
                0x08006062       0x68 ./Drivers/STM32F1xx_HAL_Driver/Src/stm32f1xx_hal_tim.o
                0x08006062                TIM_DMADelayPulseHalfCplt
 *fill*         0x080060ca        0x2 
 .text.TIM_Base_SetConfig
                0x080060cc       0xdc ./Drivers/STM32F1xx_HAL_Driver/Src/stm32f1xx_hal_tim.o
                0x080060cc                TIM_Base_SetConfig
 .text.TIM_OC1_SetConfig
                0x080061a8       0xcc ./Drivers/STM32F1xx_HAL_Driver/Src/stm32f1xx_hal_tim.o
 .text.TIM_OC2_SetConfig
                0x08006274       0xd4 ./Drivers/STM32F1xx_HAL_Driver/Src/stm32f1xx_hal_tim.o
                0x08006274                TIM_OC2_SetConfig
 .text.TIM_OC3_SetConfig
                0x08006348       0xd4 ./Drivers/STM32F1xx_HAL_Driver/Src/stm32f1xx_hal_tim.o
 .text.TIM_OC4_SetConfig
                0x0800641c       0x9c ./Drivers/STM32F1xx_HAL_Driver/Src/stm32f1xx_hal_tim.o
 .text.TIM_TI1_ConfigInputStage
                0x080064b8       0x5c ./Drivers/STM32F1xx_HAL_Driver/Src/stm32f1xx_hal_tim.o
 .text.TIM_TI2_ConfigInputStage
                0x08006514       0x5e ./Drivers/STM32F1xx_HAL_Driver/Src/stm32f1xx_hal_tim.o
 .text.TIM_ITRx_SetConfig
                0x08006572       0x34 ./Drivers/STM32F1xx_HAL_Driver/Src/stm32f1xx_hal_tim.o
 .text.TIM_ETR_SetConfig
                0x080065a6       0x3e ./Drivers/STM32F1xx_HAL_Driver/Src/stm32f1xx_hal_tim.o
                0x080065a6                TIM_ETR_SetConfig
 .text.TIM_CCxChannelCmd
                0x080065e4       0x48 ./Drivers/STM32F1xx_HAL_Driver/Src/stm32f1xx_hal_tim.o
                0x080065e4                TIM_CCxChannelCmd
 .text.HAL_TIMEx_MasterConfigSynchronization
                0x0800662c       0xbc ./Drivers/STM32F1xx_HAL_Driver/Src/stm32f1xx_hal_tim_ex.o
                0x0800662c                HAL_TIMEx_MasterConfigSynchronization
 .text.HAL_TIMEx_CommutCallback
                0x080066e8       0x12 ./Drivers/STM32F1xx_HAL_Driver/Src/stm32f1xx_hal_tim_ex.o
                0x080066e8                HAL_TIMEx_CommutCallback
 .text.HAL_TIMEx_BreakCallback
                0x080066fa       0x12 ./Drivers/STM32F1xx_HAL_Driver/Src/stm32f1xx_hal_tim_ex.o
                0x080066fa                HAL_TIMEx_BreakCallback
 .text.USB_CoreInit
                0x0800670c       0x1a ./Drivers/STM32F1xx_HAL_Driver/Src/stm32f1xx_ll_usb.o
                0x0800670c                USB_CoreInit
 .text.USB_EnableGlobalInt
                0x08006726       0x2c ./Drivers/STM32F1xx_HAL_Driver/Src/stm32f1xx_ll_usb.o
                0x08006726                USB_EnableGlobalInt
 .text.USB_DisableGlobalInt
                0x08006752       0x34 ./Drivers/STM32F1xx_HAL_Driver/Src/stm32f1xx_ll_usb.o
                0x08006752                USB_DisableGlobalInt
 .text.USB_SetCurrentMode
                0x08006786       0x18 ./Drivers/STM32F1xx_HAL_Driver/Src/stm32f1xx_ll_usb.o
                0x08006786                USB_SetCurrentMode
 .text.USB_DevInit
                0x0800679e       0x3a ./Drivers/STM32F1xx_HAL_Driver/Src/stm32f1xx_ll_usb.o
                0x0800679e                USB_DevInit
 .text.USB_ActivateEndpoint
                0x080067d8      0x780 ./Drivers/STM32F1xx_HAL_Driver/Src/stm32f1xx_ll_usb.o
                0x080067d8                USB_ActivateEndpoint
 .text.USB_DeactivateEndpoint
                0x08006f58      0x3d8 ./Drivers/STM32F1xx_HAL_Driver/Src/stm32f1xx_ll_usb.o
                0x08006f58                USB_DeactivateEndpoint
 .text.USB_EPStartXfer
                0x08007330     0x1762 ./Drivers/STM32F1xx_HAL_Driver/Src/stm32f1xx_ll_usb.o
                0x08007330                USB_EPStartXfer
 .text.USB_EPSetStall
                0x08008a92       0xa0 ./Drivers/STM32F1xx_HAL_Driver/Src/stm32f1xx_ll_usb.o
                0x08008a92                USB_EPSetStall
 .text.USB_EPClearStall
                0x08008b32      0x15a ./Drivers/STM32F1xx_HAL_Driver/Src/stm32f1xx_ll_usb.o
                0x08008b32                USB_EPClearStall
 .text.USB_SetDevAddress
                0x08008c8c       0x26 ./Drivers/STM32F1xx_HAL_Driver/Src/stm32f1xx_ll_usb.o
                0x08008c8c                USB_SetDevAddress
 .text.USB_DevConnect
                0x08008cb2       0x14 ./Drivers/STM32F1xx_HAL_Driver/Src/stm32f1xx_ll_usb.o
                0x08008cb2                USB_DevConnect
 .text.USB_DevDisconnect
                0x08008cc6       0x14 ./Drivers/STM32F1xx_HAL_Driver/Src/stm32f1xx_ll_usb.o
                0x08008cc6                USB_DevDisconnect
 .text.USB_ReadInterrupts
                0x08008cda       0x1e ./Drivers/STM32F1xx_HAL_Driver/Src/stm32f1xx_ll_usb.o
                0x08008cda                USB_ReadInterrupts
 .text.USB_EP0_OutStart
                0x08008cf8       0x16 ./Drivers/STM32F1xx_HAL_Driver/Src/stm32f1xx_ll_usb.o
                0x08008cf8                USB_EP0_OutStart
 .text.USB_WritePMA
                0x08008d0e       0x8c ./Drivers/STM32F1xx_HAL_Driver/Src/stm32f1xx_ll_usb.o
                0x08008d0e                USB_WritePMA
 .text.USB_ReadPMA
                0x08008d9a       0x9e ./Drivers/STM32F1xx_HAL_Driver/Src/stm32f1xx_ll_usb.o
                0x08008d9a                USB_ReadPMA
 .text.USBD_HID_Init
                0x08008e38       0x4e ./Middlewares/ST/STM32_USB_Device_Library/Class/HID/Src/usbd_hid.o
 .text.USBD_HID_DeInit
                0x08008e86       0x42 ./Middlewares/ST/STM32_USB_Device_Library/Class/HID/Src/usbd_hid.o
 .text.USBD_HID_Setup
                0x08008ec8      0x1fc ./Middlewares/ST/STM32_USB_Device_Library/Class/HID/Src/usbd_hid.o
 .text.USBD_HID_SendReport
                0x080090c4       0x44 ./Middlewares/ST/STM32_USB_Device_Library/Class/HID/Src/usbd_hid.o
                0x080090c4                USBD_HID_SendReport
 .text.USBD_HID_GetFSCfgDesc
                0x08009108       0x20 ./Middlewares/ST/STM32_USB_Device_Library/Class/HID/Src/usbd_hid.o
 .text.USBD_HID_GetHSCfgDesc
                0x08009128       0x20 ./Middlewares/ST/STM32_USB_Device_Library/Class/HID/Src/usbd_hid.o
 .text.USBD_HID_GetOtherSpeedCfgDesc
                0x08009148       0x20 ./Middlewares/ST/STM32_USB_Device_Library/Class/HID/Src/usbd_hid.o
 .text.USBD_HID_DataIn
                0x08009168       0x22 ./Middlewares/ST/STM32_USB_Device_Library/Class/HID/Src/usbd_hid.o
 *fill*         0x0800918a        0x2 
 .text.USBD_HID_GetDeviceQualifierDesc
                0x0800918c       0x20 ./Middlewares/ST/STM32_USB_Device_Library/Class/HID/Src/usbd_hid.o
 .text.USBD_Init
                0x080091ac       0x56 ./Middlewares/ST/STM32_USB_Device_Library/Core/Src/usbd_core.o
                0x080091ac                USBD_Init
 .text.USBD_RegisterClass
                0x08009202       0x32 ./Middlewares/ST/STM32_USB_Device_Library/Core/Src/usbd_core.o
                0x08009202                USBD_RegisterClass
 .text.USBD_Start
                0x08009234       0x18 ./Middlewares/ST/STM32_USB_Device_Library/Core/Src/usbd_core.o
                0x08009234                USBD_Start
 .text.USBD_RunTestMode
                0x0800924c       0x14 ./Middlewares/ST/STM32_USB_Device_Library/Core/Src/usbd_core.o
                0x0800924c                USBD_RunTestMode
 .text.USBD_SetClassConfig
                0x08009260       0x3e ./Middlewares/ST/STM32_USB_Device_Library/Core/Src/usbd_core.o
                0x08009260                USBD_SetClassConfig
 .text.USBD_ClrClassConfig
                0x0800929e       0x26 ./Middlewares/ST/STM32_USB_Device_Library/Core/Src/usbd_core.o
                0x0800929e                USBD_ClrClassConfig
 .text.USBD_LL_SetupStage
                0x080092c4       0x9a ./Middlewares/ST/STM32_USB_Device_Library/Core/Src/usbd_core.o
                0x080092c4                USBD_LL_SetupStage
 .text.USBD_LL_DataOutStage
                0x0800935e       0xe2 ./Middlewares/ST/STM32_USB_Device_Library/Core/Src/usbd_core.o
                0x0800935e                USBD_LL_DataOutStage
 .text.USBD_LL_DataInStage
                0x08009440      0x14a ./Middlewares/ST/STM32_USB_Device_Library/Core/Src/usbd_core.o
                0x08009440                USBD_LL_DataInStage
 .text.USBD_LL_Reset
                0x0800958a       0x82 ./Middlewares/ST/STM32_USB_Device_Library/Core/Src/usbd_core.o
                0x0800958a                USBD_LL_Reset
 .text.USBD_LL_SetSpeed
                0x0800960c       0x1e ./Middlewares/ST/STM32_USB_Device_Library/Core/Src/usbd_core.o
                0x0800960c                USBD_LL_SetSpeed
 .text.USBD_LL_Suspend
                0x0800962a       0x28 ./Middlewares/ST/STM32_USB_Device_Library/Core/Src/usbd_core.o
                0x0800962a                USBD_LL_Suspend
 .text.USBD_LL_Resume
                0x08009652       0x2a ./Middlewares/ST/STM32_USB_Device_Library/Core/Src/usbd_core.o
                0x08009652                USBD_LL_Resume
 .text.USBD_LL_SOF
                0x0800967c       0x34 ./Middlewares/ST/STM32_USB_Device_Library/Core/Src/usbd_core.o
                0x0800967c                USBD_LL_SOF
 .text.USBD_StdDevReq
                0x080096b0       0xd4 ./Middlewares/ST/STM32_USB_Device_Library/Core/Src/usbd_ctlreq.o
                0x080096b0                USBD_StdDevReq
 .text.USBD_StdItfReq
                0x08009784       0x90 ./Middlewares/ST/STM32_USB_Device_Library/Core/Src/usbd_ctlreq.o
                0x08009784                USBD_StdItfReq
 .text.USBD_StdEPReq
                0x08009814      0x2c6 ./Middlewares/ST/STM32_USB_Device_Library/Core/Src/usbd_ctlreq.o
                0x08009814                USBD_StdEPReq
 *fill*         0x08009ada        0x2 
 .text.USBD_GetDescriptor
                0x08009adc      0x2d0 ./Middlewares/ST/STM32_USB_Device_Library/Core/Src/usbd_ctlreq.o
 .text.USBD_SetAddress
                0x08009dac       0x86 ./Middlewares/ST/STM32_USB_Device_Library/Core/Src/usbd_ctlreq.o
 *fill*         0x08009e32        0x2 
 .text.USBD_SetConfig
                0x08009e34      0x11c ./Middlewares/ST/STM32_USB_Device_Library/Core/Src/usbd_ctlreq.o
 .text.USBD_GetConfig
                0x08009f50       0x6a ./Middlewares/ST/STM32_USB_Device_Library/Core/Src/usbd_ctlreq.o
 .text.USBD_GetStatus
                0x08009fba       0x66 ./Middlewares/ST/STM32_USB_Device_Library/Core/Src/usbd_ctlreq.o
 .text.USBD_SetFeature
                0x0800a020       0x28 ./Middlewares/ST/STM32_USB_Device_Library/Core/Src/usbd_ctlreq.o
 .text.USBD_ClrFeature
                0x0800a048       0x42 ./Middlewares/ST/STM32_USB_Device_Library/Core/Src/usbd_ctlreq.o
 .text.USBD_ParseSetupRequest
                0x0800a08a       0x72 ./Middlewares/ST/STM32_USB_Device_Library/Core/Src/usbd_ctlreq.o
                0x0800a08a                USBD_ParseSetupRequest
 .text.USBD_CtlError
                0x0800a0fc       0x22 ./Middlewares/ST/STM32_USB_Device_Library/Core/Src/usbd_ctlreq.o
                0x0800a0fc                USBD_CtlError
 .text.USBD_GetString
                0x0800a11e       0x84 ./Middlewares/ST/STM32_USB_Device_Library/Core/Src/usbd_ctlreq.o
                0x0800a11e                USBD_GetString
 .text.USBD_GetLen
                0x0800a1a2       0x2e ./Middlewares/ST/STM32_USB_Device_Library/Core/Src/usbd_ctlreq.o
 .text.USBD_CtlSendData
                0x0800a1d0       0x38 ./Middlewares/ST/STM32_USB_Device_Library/Core/Src/usbd_ioreq.o
                0x0800a1d0                USBD_CtlSendData
 .text.USBD_CtlContinueSendData
                0x0800a208       0x24 ./Middlewares/ST/STM32_USB_Device_Library/Core/Src/usbd_ioreq.o
                0x0800a208                USBD_CtlContinueSendData
 .text.USBD_CtlContinueRx
                0x0800a22c       0x24 ./Middlewares/ST/STM32_USB_Device_Library/Core/Src/usbd_ioreq.o
                0x0800a22c                USBD_CtlContinueRx
 .text.USBD_CtlSendStatus
                0x0800a250       0x26 ./Middlewares/ST/STM32_USB_Device_Library/Core/Src/usbd_ioreq.o
                0x0800a250                USBD_CtlSendStatus
 .text.USBD_CtlReceiveStatus
                0x0800a276       0x26 ./Middlewares/ST/STM32_USB_Device_Library/Core/Src/usbd_ioreq.o
                0x0800a276                USBD_CtlReceiveStatus
 .text.MX_USB_DEVICE_Init
                0x0800a29c       0x4c ./USB_DEVICE/App/usb_device.o
                0x0800a29c                MX_USB_DEVICE_Init
 .text.USBD_FS_DeviceDescriptor
                0x0800a2e8       0x24 ./USB_DEVICE/App/usbd_desc.o
                0x0800a2e8                USBD_FS_DeviceDescriptor
 .text.USBD_FS_LangIDStrDescriptor
                0x0800a30c       0x24 ./USB_DEVICE/App/usbd_desc.o
                0x0800a30c                USBD_FS_LangIDStrDescriptor
 .text.USBD_FS_ProductStrDescriptor
                0x0800a330       0x3c ./USB_DEVICE/App/usbd_desc.o
                0x0800a330                USBD_FS_ProductStrDescriptor
 .text.USBD_FS_ManufacturerStrDescriptor
                0x0800a36c       0x28 ./USB_DEVICE/App/usbd_desc.o
                0x0800a36c                USBD_FS_ManufacturerStrDescriptor
 .text.USBD_FS_SerialStrDescriptor
                0x0800a394       0x24 ./USB_DEVICE/App/usbd_desc.o
                0x0800a394                USBD_FS_SerialStrDescriptor
 .text.USBD_FS_ConfigStrDescriptor
                0x0800a3b8       0x3c ./USB_DEVICE/App/usbd_desc.o
                0x0800a3b8                USBD_FS_ConfigStrDescriptor
 .text.USBD_FS_InterfaceStrDescriptor
                0x0800a3f4       0x3c ./USB_DEVICE/App/usbd_desc.o
                0x0800a3f4                USBD_FS_InterfaceStrDescriptor
 .text.Get_SerialNum
                0x0800a430       0x58 ./USB_DEVICE/App/usbd_desc.o
 .text.IntToUnicode
                0x0800a488       0x7c ./USB_DEVICE/App/usbd_desc.o
 .text.HAL_PCD_MspInit
                0x0800a504       0x4c ./USB_DEVICE/Target/usbd_conf.o
                0x0800a504                HAL_PCD_MspInit
 .text.HAL_PCD_SetupStageCallback
                0x0800a550       0x24 ./USB_DEVICE/Target/usbd_conf.o
                0x0800a550                HAL_PCD_SetupStageCallback
 .text.HAL_PCD_DataOutStageCallback
                0x0800a574       0x36 ./USB_DEVICE/Target/usbd_conf.o
                0x0800a574                HAL_PCD_DataOutStageCallback
 .text.HAL_PCD_DataInStageCallback
                0x0800a5aa       0x34 ./USB_DEVICE/Target/usbd_conf.o
                0x0800a5aa                HAL_PCD_DataInStageCallback
 .text.HAL_PCD_SOFCallback
                0x0800a5de       0x1c ./USB_DEVICE/Target/usbd_conf.o
                0x0800a5de                HAL_PCD_SOFCallback
 .text.HAL_PCD_ResetCallback
                0x0800a5fa       0x3c ./USB_DEVICE/Target/usbd_conf.o
                0x0800a5fa                HAL_PCD_ResetCallback
 *fill*         0x0800a636        0x2 
 .text.HAL_PCD_SuspendCallback
                0x0800a638       0x34 ./USB_DEVICE/Target/usbd_conf.o
                0x0800a638                HAL_PCD_SuspendCallback
 .text.HAL_PCD_ResumeCallback
                0x0800a66c       0x1c ./USB_DEVICE/Target/usbd_conf.o
                0x0800a66c                HAL_PCD_ResumeCallback
 .text.USBD_LL_Init
                0x0800a688       0x90 ./USB_DEVICE/Target/usbd_conf.o
                0x0800a688                USBD_LL_Init
 .text.USBD_LL_Start
                0x0800a718       0x36 ./USB_DEVICE/Target/usbd_conf.o
                0x0800a718                USBD_LL_Start
 .text.USBD_LL_OpenEP
                0x0800a74e       0x4c ./USB_DEVICE/Target/usbd_conf.o
                0x0800a74e                USBD_LL_OpenEP
 .text.USBD_LL_CloseEP
                0x0800a79a       0x3e ./USB_DEVICE/Target/usbd_conf.o
                0x0800a79a                USBD_LL_CloseEP
 .text.USBD_LL_StallEP
                0x0800a7d8       0x3e ./USB_DEVICE/Target/usbd_conf.o
                0x0800a7d8                USBD_LL_StallEP
 .text.USBD_LL_ClearStallEP
                0x0800a816       0x3e ./USB_DEVICE/Target/usbd_conf.o
                0x0800a816                USBD_LL_ClearStallEP
 .text.USBD_LL_IsStallEP
                0x0800a854       0x56 ./USB_DEVICE/Target/usbd_conf.o
                0x0800a854                USBD_LL_IsStallEP
 .text.USBD_LL_SetUSBAddress
                0x0800a8aa       0x3e ./USB_DEVICE/Target/usbd_conf.o
                0x0800a8aa                USBD_LL_SetUSBAddress
 .text.USBD_LL_Transmit
                0x0800a8e8       0x46 ./USB_DEVICE/Target/usbd_conf.o
                0x0800a8e8                USBD_LL_Transmit
 .text.USBD_LL_PrepareReceive
                0x0800a92e       0x46 ./USB_DEVICE/Target/usbd_conf.o
                0x0800a92e                USBD_LL_PrepareReceive
 .text.USBD_static_malloc
                0x0800a974       0x18 ./USB_DEVICE/Target/usbd_conf.o
                0x0800a974                USBD_static_malloc
 .text.USBD_static_free
                0x0800a98c       0x12 ./USB_DEVICE/Target/usbd_conf.o
                0x0800a98c                USBD_static_free
 .text.HAL_PCDEx_SetConnectionState
                0x0800a99e       0x16 ./USB_DEVICE/Target/usbd_conf.o
                0x0800a99e                HAL_PCDEx_SetConnectionState
 .text.USBD_Get_USB_Status
                0x0800a9b4       0x58 ./USB_DEVICE/Target/usbd_conf.o
 .text.memset   0x0800aa0c       0x10 D:/ST/STM32CubeIDE_1.19.0/STM32CubeIDE/plugins/com.st.stm32cube.ide.mcu.externaltools.gnu-tools-for-stm32.13.3.rel1.win32_1.0.0.202411081344/tools/bin/../lib/gcc/arm-none-eabi/13.3.1/../../../../arm-none-eabi/lib/thumb/v7-m/nofp\libc_nano.a(libc_a-memset.o)
                0x0800aa0c                memset
 .text.__libc_init_array
                0x0800aa1c       0x48 D:/ST/STM32CubeIDE_1.19.0/STM32CubeIDE/plugins/com.st.stm32cube.ide.mcu.externaltools.gnu-tools-for-stm32.13.3.rel1.win32_1.0.0.202411081344/tools/bin/../lib/gcc/arm-none-eabi/13.3.1/../../../../arm-none-eabi/lib/thumb/v7-m/nofp\libc_nano.a(libc_a-init.o)
                0x0800aa1c                __libc_init_array
 .text.memcpy   0x0800aa64       0x1c D:/ST/STM32CubeIDE_1.19.0/STM32CubeIDE/plugins/com.st.stm32cube.ide.mcu.externaltools.gnu-tools-for-stm32.13.3.rel1.win32_1.0.0.202411081344/tools/bin/../lib/gcc/arm-none-eabi/13.3.1/../../../../arm-none-eabi/lib/thumb/v7-m/nofp\libc_nano.a(libc_a-memcpy-stub.o)
                0x0800aa64                memcpy
 *(.glue_7)
 .glue_7        0x0800aa80        0x0 linker stubs
 *(.glue_7t)
 .glue_7t       0x0800aa80        0x0 linker stubs
 *(.eh_frame)
 .eh_frame      0x0800aa80        0x0 D:/ST/STM32CubeIDE_1.19.0/STM32CubeIDE/plugins/com.st.stm32cube.ide.mcu.externaltools.gnu-tools-for-stm32.13.3.rel1.win32_1.0.0.202411081344/tools/bin/../lib/gcc/arm-none-eabi/13.3.1/thumb/v7-m/nofp/crtbegin.o
 *(.init)
 .init          0x0800aa80        0x4 D:/ST/STM32CubeIDE_1.19.0/STM32CubeIDE/plugins/com.st.stm32cube.ide.mcu.externaltools.gnu-tools-for-stm32.13.3.rel1.win32_1.0.0.202411081344/tools/bin/../lib/gcc/arm-none-eabi/13.3.1/thumb/v7-m/nofp/crti.o
                0x0800aa80                _init
 .init          0x0800aa84        0x8 D:/ST/STM32CubeIDE_1.19.0/STM32CubeIDE/plugins/com.st.stm32cube.ide.mcu.externaltools.gnu-tools-for-stm32.13.3.rel1.win32_1.0.0.202411081344/tools/bin/../lib/gcc/arm-none-eabi/13.3.1/thumb/v7-m/nofp/crtn.o
 *(.fini)
 .fini          0x0800aa8c        0x4 D:/ST/STM32CubeIDE_1.19.0/STM32CubeIDE/plugins/com.st.stm32cube.ide.mcu.externaltools.gnu-tools-for-stm32.13.3.rel1.win32_1.0.0.202411081344/tools/bin/../lib/gcc/arm-none-eabi/13.3.1/thumb/v7-m/nofp/crti.o
                0x0800aa8c                _fini
 .fini          0x0800aa90        0x8 D:/ST/STM32CubeIDE_1.19.0/STM32CubeIDE/plugins/com.st.stm32cube.ide.mcu.externaltools.gnu-tools-for-stm32.13.3.rel1.win32_1.0.0.202411081344/tools/bin/../lib/gcc/arm-none-eabi/13.3.1/thumb/v7-m/nofp/crtn.o
                0x0800aa98                        . = ALIGN (0x4)
                0x0800aa98                        _etext = .

.vfp11_veneer   0x0800aa98        0x0
 .vfp11_veneer  0x0800aa98        0x0 linker stubs

.v4_bx          0x0800aa98        0x0
 .v4_bx         0x0800aa98        0x0 linker stubs

.iplt           0x0800aa98        0x0
 .iplt          0x0800aa98        0x0 D:/ST/STM32CubeIDE_1.19.0/STM32CubeIDE/plugins/com.st.stm32cube.ide.mcu.externaltools.gnu-tools-for-stm32.13.3.rel1.win32_1.0.0.202411081344/tools/bin/../lib/gcc/arm-none-eabi/13.3.1/thumb/v7-m/nofp/crtbegin.o

.rodata         0x0800aa98      0x878
                0x0800aa98                        . = ALIGN (0x4)
 *(.rodata)
 .rodata        0x0800aa98       0x3a ./USB_DEVICE/App/usbd_desc.o
 *(.rodata*)
 *fill*         0x0800aad2        0x2 
 .rodata.OLED_KeyVerseData
                0x0800aad4      0x400 ./Core/Src/font.o
                0x0800aad4                OLED_KeyVerseData
 .rodata.OLED_KeyVerseImg
                0x0800aed4        0x8 ./Core/Src/font.o
                0x0800aed4                OLED_KeyVerseImg
 .rodata.logoData
                0x0800aedc      0x400 ./Core/Src/font.o
                0x0800aedc                logoData
 .rodata.logoImg
                0x0800b2dc        0x8 ./Core/Src/font.o
                0x0800b2dc                logoImg
 .rodata.AHBPrescTable
                0x0800b2e4       0x10 ./Core/Src/system_stm32f1xx.o
                0x0800b2e4                AHBPrescTable
 .rodata.APBPrescTable
                0x0800b2f4        0x8 ./Core/Src/system_stm32f1xx.o
                0x0800b2f4                APBPrescTable
 .rodata.aPLLMULFactorTable.1
                0x0800b2fc       0x10 ./Drivers/STM32F1xx_HAL_Driver/Src/stm32f1xx_hal_rcc.o
 .rodata.aPredivFactorTable.0
                0x0800b30c        0x2 ./Drivers/STM32F1xx_HAL_Driver/Src/stm32f1xx_hal_rcc.o
                0x0800b310                        . = ALIGN (0x4)
 *fill*         0x0800b30e        0x2 

.ARM.extab      0x0800b310        0x0
                0x0800b310                        . = ALIGN (0x4)
 *(.ARM.extab* .gnu.linkonce.armextab.*)
                0x0800b310                        . = ALIGN (0x4)

.ARM            0x0800b310        0x0
                0x0800b310                        . = ALIGN (0x4)
                0x0800b310                        __exidx_start = .
 *(.ARM.exidx*)
                0x0800b310                        __exidx_end = .
                0x0800b310                        . = ALIGN (0x4)

.preinit_array  0x0800b310        0x0
                0x0800b310                        . = ALIGN (0x4)
                0x0800b310                        PROVIDE (__preinit_array_start = .)
 *(.preinit_array*)
                0x0800b310                        PROVIDE (__preinit_array_end = .)
                0x0800b310                        . = ALIGN (0x4)

.init_array     0x0800b310        0x4
                0x0800b310                        . = ALIGN (0x4)
                0x0800b310                        PROVIDE (__init_array_start = .)
 *(SORT_BY_NAME(.init_array.*))
 *(.init_array*)
 .init_array    0x0800b310        0x4 D:/ST/STM32CubeIDE_1.19.0/STM32CubeIDE/plugins/com.st.stm32cube.ide.mcu.externaltools.gnu-tools-for-stm32.13.3.rel1.win32_1.0.0.202411081344/tools/bin/../lib/gcc/arm-none-eabi/13.3.1/thumb/v7-m/nofp/crtbegin.o
                0x0800b314                        PROVIDE (__init_array_end = .)
                0x0800b314                        . = ALIGN (0x4)

.fini_array     0x0800b314        0x4
                0x0800b314                        . = ALIGN (0x4)
                [!provide]                        PROVIDE (__fini_array_start = .)
 *(SORT_BY_NAME(.fini_array.*))
 *(.fini_array*)
 .fini_array    0x0800b314        0x4 D:/ST/STM32CubeIDE_1.19.0/STM32CubeIDE/plugins/com.st.stm32cube.ide.mcu.externaltools.gnu-tools-for-stm32.13.3.rel1.win32_1.0.0.202411081344/tools/bin/../lib/gcc/arm-none-eabi/13.3.1/thumb/v7-m/nofp/crtbegin.o
                [!provide]                        PROVIDE (__fini_array_end = .)
                0x0800b318                        . = ALIGN (0x4)
                0x0800b318                        _sidata = LOADADDR (.data)

.rel.dyn        0x0800b318        0x0
 .rel.iplt      0x0800b318        0x0 D:/ST/STM32CubeIDE_1.19.0/STM32CubeIDE/plugins/com.st.stm32cube.ide.mcu.externaltools.gnu-tools-for-stm32.13.3.rel1.win32_1.0.0.202411081344/tools/bin/../lib/gcc/arm-none-eabi/13.3.1/thumb/v7-m/nofp/crtbegin.o

.data           0x20000000      0x16c load address 0x0800b318
                0x20000000                        . = ALIGN (0x4)
                0x20000000                        _sdata = .
 *(.data)
 *(.data*)
 .data.keypad   0x20000000       0x14 ./Core/Src/keypad.o
                0x20000000                keypad
 .data.SystemCoreClock
                0x20000014        0x4 ./Core/Src/system_stm32f1xx.o
                0x20000014                SystemCoreClock
 .data.uwTickPrio
                0x20000018        0x4 ./Drivers/STM32F1xx_HAL_Driver/Src/stm32f1xx_hal.o
                0x20000018                uwTickPrio
 .data.uwTickFreq
                0x2000001c        0x1 ./Drivers/STM32F1xx_HAL_Driver/Src/stm32f1xx_hal.o
                0x2000001c                uwTickFreq
 *fill*         0x2000001d        0x3 
 .data.USBD_HID
                0x20000020       0x38 ./Middlewares/ST/STM32_USB_Device_Library/Class/HID/Src/usbd_hid.o
                0x20000020                USBD_HID
 .data.USBD_HID_CfgFSDesc
                0x20000058       0x22 ./Middlewares/ST/STM32_USB_Device_Library/Class/HID/Src/usbd_hid.o
 *fill*         0x2000007a        0x2 
 .data.USBD_HID_CfgHSDesc
                0x2000007c       0x22 ./Middlewares/ST/STM32_USB_Device_Library/Class/HID/Src/usbd_hid.o
 *fill*         0x2000009e        0x2 
 .data.USBD_HID_OtherSpeedCfgDesc
                0x200000a0       0x22 ./Middlewares/ST/STM32_USB_Device_Library/Class/HID/Src/usbd_hid.o
 *fill*         0x200000c2        0x2 
 .data.USBD_HID_Desc
                0x200000c4        0x9 ./Middlewares/ST/STM32_USB_Device_Library/Class/HID/Src/usbd_hid.o
 *fill*         0x200000cd        0x3 
 .data.USBD_HID_DeviceQualifierDesc
                0x200000d0        0xa ./Middlewares/ST/STM32_USB_Device_Library/Class/HID/Src/usbd_hid.o
 *fill*         0x200000da        0x2 
 .data.HID_MOUSE_ReportDesc
                0x200000dc       0x3f ./Middlewares/ST/STM32_USB_Device_Library/Class/HID/Src/usbd_hid.o
 *fill*         0x2000011b        0x1 
 .data.FS_Desc  0x2000011c       0x1c ./USB_DEVICE/App/usbd_desc.o
                0x2000011c                FS_Desc
 .data.USBD_FS_DeviceDesc
                0x20000138       0x12 ./USB_DEVICE/App/usbd_desc.o
                0x20000138                USBD_FS_DeviceDesc
 *fill*         0x2000014a        0x2 
 .data.USBD_LangIDDesc
                0x2000014c        0x4 ./USB_DEVICE/App/usbd_desc.o
                0x2000014c                USBD_LangIDDesc
 .data.USBD_StringSerial
                0x20000150       0x1a ./USB_DEVICE/App/usbd_desc.o
                0x20000150                USBD_StringSerial
 *(.RamFunc)
 *(.RamFunc*)
                0x2000016c                        . = ALIGN (0x4)
 *fill*         0x2000016a        0x2 
                0x2000016c                        _edata = .

.igot.plt       0x2000016c        0x0 load address 0x0800b484
 .igot.plt      0x2000016c        0x0 D:/ST/STM32CubeIDE_1.19.0/STM32CubeIDE/plugins/com.st.stm32cube.ide.mcu.externaltools.gnu-tools-for-stm32.13.3.rel1.win32_1.0.0.202411081344/tools/bin/../lib/gcc/arm-none-eabi/13.3.1/thumb/v7-m/nofp/crtbegin.o
                0x2000016c                        . = ALIGN (0x4)

.bss            0x2000016c     0x116c load address 0x0800b484
                0x2000016c                        _sbss = .
                0x2000016c                        __bss_start__ = _sbss
 *(.bss)
 .bss           0x2000016c       0x1c D:/ST/STM32CubeIDE_1.19.0/STM32CubeIDE/plugins/com.st.stm32cube.ide.mcu.externaltools.gnu-tools-for-stm32.13.3.rel1.win32_1.0.0.202411081344/tools/bin/../lib/gcc/arm-none-eabi/13.3.1/thumb/v7-m/nofp/crtbegin.o
 *(.bss*)
 .bss.hi2c1     0x20000188       0x54 ./Core/Src/i2c.o
                0x20000188                hi2c1
 .bss.HIDkeyBoard
                0x200001dc        0x8 ./Core/Src/keypad.o
                0x200001dc                HIDkeyBoard
 .bss.KeyNum    0x200001e4        0x1 ./Core/Src/keypad.o
                0x200001e4                KeyNum
 *fill*         0x200001e5        0x3 
 .bss.keyState.1
                0x200001e8       0x14 ./Core/Src/keypad.o
 .bss.keyPressed.0
                0x200001fc       0x14 ./Core/Src/keypad.o
 .bss.status    0x20000210        0x1 ./Core/Src/main.o
                0x20000210                status
 *fill*         0x20000211        0x3 
 .bss.OLED_GRAM
                0x20000214      0x400 ./Core/Src/oled.o
                0x20000214                OLED_GRAM
 .bss.sendBuffer.3
                0x20000614        0x2 ./Core/Src/oled.o
 *fill*         0x20000616        0x2 
 .bss.sendBuffer.2
                0x20000618       0x81 ./Core/Src/oled.o
 .bss.temp.1    0x20000699        0x1 ./Core/Src/oled.o
 *fill*         0x2000069a        0x2 
 .bss.htim1     0x2000069c       0x48 ./Core/Src/tim.o
                0x2000069c                htim1
 .bss.htim2     0x200006e4       0x48 ./Core/Src/tim.o
                0x200006e4                htim2
 .bss.htim3     0x2000072c       0x48 ./Core/Src/tim.o
                0x2000072c                htim3
 .bss.hdma_tim3_ch1_trig
                0x20000774       0x44 ./Core/Src/tim.o
                0x20000774                hdma_tim3_ch1_trig
 .bss.color     0x200007b8       0x33 ./Core/Src/ws2812.o
                0x200007b8                color
 *fill*         0x200007eb        0x1 
 .bss.data.0    0x200007ec      0x332 ./Core/Src/ws2812.o
 *fill*         0x20000b1e        0x2 
 .bss.uwTick    0x20000b20        0x4 ./Drivers/STM32F1xx_HAL_Driver/Src/stm32f1xx_hal.o
                0x20000b20                uwTick
 .bss.cfgidx.0  0x20000b24        0x1 ./Middlewares/ST/STM32_USB_Device_Library/Core/Src/usbd_ctlreq.o
 *fill*         0x20000b25        0x3 
 .bss.hUsbDeviceFS
                0x20000b28      0x2c4 ./USB_DEVICE/App/usb_device.o
                0x20000b28                hUsbDeviceFS
 .bss.USBD_StrDesc
                0x20000dec      0x200 ./USB_DEVICE/App/usbd_desc.o
                0x20000dec                USBD_StrDesc
 .bss.hpcd_USB_FS
                0x20000fec      0x2d8 ./USB_DEVICE/Target/usbd_conf.o
                0x20000fec                hpcd_USB_FS
 .bss.mem.0     0x200012c4       0x14 ./USB_DEVICE/Target/usbd_conf.o
 *(COMMON)
                0x200012d8                        . = ALIGN (0x4)
                0x200012d8                        _ebss = .
                0x200012d8                        __bss_end__ = _ebss

._user_heap_stack
                0x200012d8      0x600 load address 0x0800b484
                0x200012d8                        . = ALIGN (0x8)
                [!provide]                        PROVIDE (end = .)
                0x200012d8                        PROVIDE (_end = .)
                0x200014d8                        . = (. + _Min_Heap_Size)
 *fill*         0x200012d8      0x200 
                0x200018d8                        . = (. + _Min_Stack_Size)
 *fill*         0x200014d8      0x400 
                0x200018d8                        . = ALIGN (0x8)

/DISCARD/
 libc.a(*)
 libm.a(*)
 libgcc.a(*)

.ARM.attributes
                0x00000000       0x29
 *(.ARM.attributes)
 .ARM.attributes
                0x00000000       0x1d D:/ST/STM32CubeIDE_1.19.0/STM32CubeIDE/plugins/com.st.stm32cube.ide.mcu.externaltools.gnu-tools-for-stm32.13.3.rel1.win32_1.0.0.202411081344/tools/bin/../lib/gcc/arm-none-eabi/13.3.1/thumb/v7-m/nofp/crti.o
 .ARM.attributes
                0x0000001d       0x2d D:/ST/STM32CubeIDE_1.19.0/STM32CubeIDE/plugins/com.st.stm32cube.ide.mcu.externaltools.gnu-tools-for-stm32.13.3.rel1.win32_1.0.0.202411081344/tools/bin/../lib/gcc/arm-none-eabi/13.3.1/thumb/v7-m/nofp/crtbegin.o
 .ARM.attributes
                0x0000004a       0x2d ./Core/Src/dma.o
 .ARM.attributes
                0x00000077       0x2d ./Core/Src/font.o
 .ARM.attributes
                0x000000a4       0x2d ./Core/Src/gpio.o
 .ARM.attributes
                0x000000d1       0x2d ./Core/Src/i2c.o
 .ARM.attributes
                0x000000fe       0x2d ./Core/Src/keypad.o
 .ARM.attributes
                0x0000012b       0x2d ./Core/Src/main.o
 .ARM.attributes
                0x00000158       0x2d ./Core/Src/oled.o
 .ARM.attributes
                0x00000185       0x2d ./Core/Src/stm32f1xx_hal_msp.o
 .ARM.attributes
                0x000001b2       0x2d ./Core/Src/stm32f1xx_it.o
 .ARM.attributes
                0x000001df       0x2d ./Core/Src/system_stm32f1xx.o
 .ARM.attributes
                0x0000020c       0x2d ./Core/Src/tim.o
 .ARM.attributes
                0x00000239       0x2d ./Core/Src/ws2812.o
 .ARM.attributes
                0x00000266       0x21 ./Core/Startup/startup_stm32f103c8tx.o
 .ARM.attributes
                0x00000287       0x2d ./Drivers/STM32F1xx_HAL_Driver/Src/stm32f1xx_hal.o
 .ARM.attributes
                0x000002b4       0x2d ./Drivers/STM32F1xx_HAL_Driver/Src/stm32f1xx_hal_cortex.o
 .ARM.attributes
                0x000002e1       0x2d ./Drivers/STM32F1xx_HAL_Driver/Src/stm32f1xx_hal_dma.o
 .ARM.attributes
                0x0000030e       0x2d ./Drivers/STM32F1xx_HAL_Driver/Src/stm32f1xx_hal_gpio.o
 .ARM.attributes
                0x0000033b       0x2d ./Drivers/STM32F1xx_HAL_Driver/Src/stm32f1xx_hal_i2c.o
 .ARM.attributes
                0x00000368       0x2d ./Drivers/STM32F1xx_HAL_Driver/Src/stm32f1xx_hal_pcd.o
 .ARM.attributes
                0x00000395       0x2d ./Drivers/STM32F1xx_HAL_Driver/Src/stm32f1xx_hal_pcd_ex.o
 .ARM.attributes
                0x000003c2       0x2d ./Drivers/STM32F1xx_HAL_Driver/Src/stm32f1xx_hal_rcc.o
 .ARM.attributes
                0x000003ef       0x2d ./Drivers/STM32F1xx_HAL_Driver/Src/stm32f1xx_hal_rcc_ex.o
 .ARM.attributes
                0x0000041c       0x2d ./Drivers/STM32F1xx_HAL_Driver/Src/stm32f1xx_hal_tim.o
 .ARM.attributes
                0x00000449       0x2d ./Drivers/STM32F1xx_HAL_Driver/Src/stm32f1xx_hal_tim_ex.o
 .ARM.attributes
                0x00000476       0x2d ./Drivers/STM32F1xx_HAL_Driver/Src/stm32f1xx_ll_usb.o
 .ARM.attributes
                0x000004a3       0x2d ./Middlewares/ST/STM32_USB_Device_Library/Class/HID/Src/usbd_hid.o
 .ARM.attributes
                0x000004d0       0x2d ./Middlewares/ST/STM32_USB_Device_Library/Core/Src/usbd_core.o
 .ARM.attributes
                0x000004fd       0x2d ./Middlewares/ST/STM32_USB_Device_Library/Core/Src/usbd_ctlreq.o
 .ARM.attributes
                0x0000052a       0x2d ./Middlewares/ST/STM32_USB_Device_Library/Core/Src/usbd_ioreq.o
 .ARM.attributes
                0x00000557       0x2d ./USB_DEVICE/App/usb_device.o
 .ARM.attributes
                0x00000584       0x2d ./USB_DEVICE/App/usbd_desc.o
 .ARM.attributes
                0x000005b1       0x2d ./USB_DEVICE/Target/usbd_conf.o
 .ARM.attributes
                0x000005de       0x2d D:/ST/STM32CubeIDE_1.19.0/STM32CubeIDE/plugins/com.st.stm32cube.ide.mcu.externaltools.gnu-tools-for-stm32.13.3.rel1.win32_1.0.0.202411081344/tools/bin/../lib/gcc/arm-none-eabi/13.3.1/../../../../arm-none-eabi/lib/thumb/v7-m/nofp\libc_nano.a(libc_a-memset.o)
 .ARM.attributes
                0x0000060b       0x2d D:/ST/STM32CubeIDE_1.19.0/STM32CubeIDE/plugins/com.st.stm32cube.ide.mcu.externaltools.gnu-tools-for-stm32.13.3.rel1.win32_1.0.0.202411081344/tools/bin/../lib/gcc/arm-none-eabi/13.3.1/../../../../arm-none-eabi/lib/thumb/v7-m/nofp\libc_nano.a(libc_a-init.o)
 .ARM.attributes
                0x00000638       0x2d D:/ST/STM32CubeIDE_1.19.0/STM32CubeIDE/plugins/com.st.stm32cube.ide.mcu.externaltools.gnu-tools-for-stm32.13.3.rel1.win32_1.0.0.202411081344/tools/bin/../lib/gcc/arm-none-eabi/13.3.1/../../../../arm-none-eabi/lib/thumb/v7-m/nofp\libc_nano.a(libc_a-memcpy-stub.o)
 .ARM.attributes
                0x00000665       0x1d D:/ST/STM32CubeIDE_1.19.0/STM32CubeIDE/plugins/com.st.stm32cube.ide.mcu.externaltools.gnu-tools-for-stm32.13.3.rel1.win32_1.0.0.202411081344/tools/bin/../lib/gcc/arm-none-eabi/13.3.1/thumb/v7-m/nofp/crtn.o
OUTPUT(KeyVerse.elf elf32-littlearm)
LOAD linker stubs
LOAD D:/ST/STM32CubeIDE_1.19.0/STM32CubeIDE/plugins/com.st.stm32cube.ide.mcu.externaltools.gnu-tools-for-stm32.13.3.rel1.win32_1.0.0.202411081344/tools/bin/../lib/gcc/arm-none-eabi/13.3.1/../../../../arm-none-eabi/lib/thumb/v7-m/nofp\libc.a
LOAD D:/ST/STM32CubeIDE_1.19.0/STM32CubeIDE/plugins/com.st.stm32cube.ide.mcu.externaltools.gnu-tools-for-stm32.13.3.rel1.win32_1.0.0.202411081344/tools/bin/../lib/gcc/arm-none-eabi/13.3.1/../../../../arm-none-eabi/lib/thumb/v7-m/nofp\libm.a
LOAD D:/ST/STM32CubeIDE_1.19.0/STM32CubeIDE/plugins/com.st.stm32cube.ide.mcu.externaltools.gnu-tools-for-stm32.13.3.rel1.win32_1.0.0.202411081344/tools/bin/../lib/gcc/arm-none-eabi/13.3.1/thumb/v7-m/nofp\libgcc.a

.debug_info     0x00000000    0x16516
 .debug_info    0x00000000      0x2cf ./Core/Src/dma.o
 .debug_info    0x000002cf      0x330 ./Core/Src/font.o
 .debug_info    0x000005ff      0x432 ./Core/Src/gpio.o
 .debug_info    0x00000a31      0x7e3 ./Core/Src/i2c.o
 .debug_info    0x00001214      0x6fb ./Core/Src/keypad.o
 .debug_info    0x0000190f      0xa6d ./Core/Src/main.o
 .debug_info    0x0000237c     0x12fd ./Core/Src/oled.o
 .debug_info    0x00003679      0x1f1 ./Core/Src/stm32f1xx_hal_msp.o
 .debug_info    0x0000386a      0xbd6 ./Core/Src/stm32f1xx_it.o
 .debug_info    0x00004440      0x222 ./Core/Src/system_stm32f1xx.o
 .debug_info    0x00004662      0xf11 ./Core/Src/tim.o
 .debug_info    0x00005573      0x864 ./Core/Src/ws2812.o
 .debug_info    0x00005dd7       0x30 ./Core/Startup/startup_stm32f103c8tx.o
 .debug_info    0x00005e07      0x704 ./Drivers/STM32F1xx_HAL_Driver/Src/stm32f1xx_hal.o
 .debug_info    0x0000650b      0xa87 ./Drivers/STM32F1xx_HAL_Driver/Src/stm32f1xx_hal_cortex.o
 .debug_info    0x00006f92      0x6d2 ./Drivers/STM32F1xx_HAL_Driver/Src/stm32f1xx_hal_dma.o
 .debug_info    0x00007664      0x5ab ./Drivers/STM32F1xx_HAL_Driver/Src/stm32f1xx_hal_gpio.o
 .debug_info    0x00007c0f     0x2524 ./Drivers/STM32F1xx_HAL_Driver/Src/stm32f1xx_hal_i2c.o
 .debug_info    0x0000a133     0x16dc ./Drivers/STM32F1xx_HAL_Driver/Src/stm32f1xx_hal_pcd.o
 .debug_info    0x0000b80f      0x6c3 ./Drivers/STM32F1xx_HAL_Driver/Src/stm32f1xx_hal_pcd_ex.o
 .debug_info    0x0000bed2      0x7d5 ./Drivers/STM32F1xx_HAL_Driver/Src/stm32f1xx_hal_rcc.o
 .debug_info    0x0000c6a7      0x3c0 ./Drivers/STM32F1xx_HAL_Driver/Src/stm32f1xx_hal_rcc_ex.o
 .debug_info    0x0000ca67     0x2959 ./Drivers/STM32F1xx_HAL_Driver/Src/stm32f1xx_hal_tim.o
 .debug_info    0x0000f3c0     0x149b ./Drivers/STM32F1xx_HAL_Driver/Src/stm32f1xx_hal_tim_ex.o
 .debug_info    0x0001085b     0x17ae ./Drivers/STM32F1xx_HAL_Driver/Src/stm32f1xx_ll_usb.o
 .debug_info    0x00012009      0x927 ./Middlewares/ST/STM32_USB_Device_Library/Class/HID/Src/usbd_hid.o
 .debug_info    0x00012930      0xa52 ./Middlewares/ST/STM32_USB_Device_Library/Core/Src/usbd_core.o
 .debug_info    0x00013382      0x91c ./Middlewares/ST/STM32_USB_Device_Library/Core/Src/usbd_ctlreq.o
 .debug_info    0x00013c9e      0x6a0 ./Middlewares/ST/STM32_USB_Device_Library/Core/Src/usbd_ioreq.o
 .debug_info    0x0001433e      0x53a ./USB_DEVICE/App/usb_device.o
 .debug_info    0x00014878      0x44a ./USB_DEVICE/App/usbd_desc.o
 .debug_info    0x00014cc2     0x1854 ./USB_DEVICE/Target/usbd_conf.o

.debug_abbrev   0x00000000     0x3fd1
 .debug_abbrev  0x00000000       0xfc ./Core/Src/dma.o
 .debug_abbrev  0x000000fc       0xf9 ./Core/Src/font.o
 .debug_abbrev  0x000001f5      0x161 ./Core/Src/gpio.o
 .debug_abbrev  0x00000356      0x1de ./Core/Src/i2c.o
 .debug_abbrev  0x00000534      0x211 ./Core/Src/keypad.o
 .debug_abbrev  0x00000745      0x28f ./Core/Src/main.o
 .debug_abbrev  0x000009d4      0x2f0 ./Core/Src/oled.o
 .debug_abbrev  0x00000cc4       0xdb ./Core/Src/stm32f1xx_hal_msp.o
 .debug_abbrev  0x00000d9f      0x1da ./Core/Src/stm32f1xx_it.o
 .debug_abbrev  0x00000f79      0x13f ./Core/Src/system_stm32f1xx.o
 .debug_abbrev  0x000010b8      0x298 ./Core/Src/tim.o
 .debug_abbrev  0x00001350      0x22c ./Core/Src/ws2812.o
 .debug_abbrev  0x0000157c       0x24 ./Core/Startup/startup_stm32f103c8tx.o
 .debug_abbrev  0x000015a0      0x201 ./Drivers/STM32F1xx_HAL_Driver/Src/stm32f1xx_hal.o
 .debug_abbrev  0x000017a1      0x2f8 ./Drivers/STM32F1xx_HAL_Driver/Src/stm32f1xx_hal_cortex.o
 .debug_abbrev  0x00001a99      0x20b ./Drivers/STM32F1xx_HAL_Driver/Src/stm32f1xx_hal_dma.o
 .debug_abbrev  0x00001ca4      0x1ca ./Drivers/STM32F1xx_HAL_Driver/Src/stm32f1xx_hal_gpio.o
 .debug_abbrev  0x00001e6e      0x2a3 ./Drivers/STM32F1xx_HAL_Driver/Src/stm32f1xx_hal_i2c.o
 .debug_abbrev  0x00002111      0x2d6 ./Drivers/STM32F1xx_HAL_Driver/Src/stm32f1xx_hal_pcd.o
 .debug_abbrev  0x000023e7      0x189 ./Drivers/STM32F1xx_HAL_Driver/Src/stm32f1xx_hal_pcd_ex.o
 .debug_abbrev  0x00002570      0x2b3 ./Drivers/STM32F1xx_HAL_Driver/Src/stm32f1xx_hal_rcc.o
 .debug_abbrev  0x00002823      0x188 ./Drivers/STM32F1xx_HAL_Driver/Src/stm32f1xx_hal_rcc_ex.o
 .debug_abbrev  0x000029ab      0x277 ./Drivers/STM32F1xx_HAL_Driver/Src/stm32f1xx_hal_tim.o
 .debug_abbrev  0x00002c22      0x282 ./Drivers/STM32F1xx_HAL_Driver/Src/stm32f1xx_hal_tim_ex.o
 .debug_abbrev  0x00002ea4      0x1de ./Drivers/STM32F1xx_HAL_Driver/Src/stm32f1xx_ll_usb.o
 .debug_abbrev  0x00003082      0x26b ./Middlewares/ST/STM32_USB_Device_Library/Class/HID/Src/usbd_hid.o
 .debug_abbrev  0x000032ed      0x24a ./Middlewares/ST/STM32_USB_Device_Library/Core/Src/usbd_core.o
 .debug_abbrev  0x00003537      0x26b ./Middlewares/ST/STM32_USB_Device_Library/Core/Src/usbd_ctlreq.o
 .debug_abbrev  0x000037a2      0x192 ./Middlewares/ST/STM32_USB_Device_Library/Core/Src/usbd_ioreq.o
 .debug_abbrev  0x00003934      0x188 ./USB_DEVICE/App/usb_device.o
 .debug_abbrev  0x00003abc      0x1ff ./USB_DEVICE/App/usbd_desc.o
 .debug_abbrev  0x00003cbb      0x316 ./USB_DEVICE/Target/usbd_conf.o

.debug_aranges  0x00000000     0x14b8
 .debug_aranges
                0x00000000       0x20 ./Core/Src/dma.o
 .debug_aranges
                0x00000020       0x18 ./Core/Src/font.o
 .debug_aranges
                0x00000038       0x20 ./Core/Src/gpio.o
 .debug_aranges
                0x00000058       0x30 ./Core/Src/i2c.o
 .debug_aranges
                0x00000088       0x20 ./Core/Src/keypad.o
 .debug_aranges
                0x000000a8       0x30 ./Core/Src/main.o
 .debug_aranges
                0x000000d8       0xf8 ./Core/Src/oled.o
 .debug_aranges
                0x000001d0       0x20 ./Core/Src/stm32f1xx_hal_msp.o
 .debug_aranges
                0x000001f0       0x80 ./Core/Src/stm32f1xx_it.o
 .debug_aranges
                0x00000270       0x28 ./Core/Src/system_stm32f1xx.o
 .debug_aranges
                0x00000298       0x68 ./Core/Src/tim.o
 .debug_aranges
                0x00000300       0x38 ./Core/Src/ws2812.o
 .debug_aranges
                0x00000338       0x28 ./Core/Startup/startup_stm32f103c8tx.o
 .debug_aranges
                0x00000360       0xe0 ./Drivers/STM32F1xx_HAL_Driver/Src/stm32f1xx_hal.o
 .debug_aranges
                0x00000440      0x100 ./Drivers/STM32F1xx_HAL_Driver/Src/stm32f1xx_hal_cortex.o
 .debug_aranges
                0x00000540       0x80 ./Drivers/STM32F1xx_HAL_Driver/Src/stm32f1xx_hal_dma.o
 .debug_aranges
                0x000005c0       0x58 ./Drivers/STM32F1xx_HAL_Driver/Src/stm32f1xx_hal_gpio.o
 .debug_aranges
                0x00000618      0x2a8 ./Drivers/STM32F1xx_HAL_Driver/Src/stm32f1xx_hal_i2c.o
 .debug_aranges
                0x000008c0      0x140 ./Drivers/STM32F1xx_HAL_Driver/Src/stm32f1xx_hal_pcd.o
 .debug_aranges
                0x00000a00       0x38 ./Drivers/STM32F1xx_HAL_Driver/Src/stm32f1xx_hal_pcd_ex.o
 .debug_aranges
                0x00000a38       0x90 ./Drivers/STM32F1xx_HAL_Driver/Src/stm32f1xx_hal_rcc.o
 .debug_aranges
                0x00000ac8       0x30 ./Drivers/STM32F1xx_HAL_Driver/Src/stm32f1xx_hal_rcc_ex.o
 .debug_aranges
                0x00000af8      0x3d0 ./Drivers/STM32F1xx_HAL_Driver/Src/stm32f1xx_hal_tim.o
 .debug_aranges
                0x00000ec8      0x168 ./Drivers/STM32F1xx_HAL_Driver/Src/stm32f1xx_hal_tim_ex.o
 .debug_aranges
                0x00001030       0xf8 ./Drivers/STM32F1xx_HAL_Driver/Src/stm32f1xx_ll_usb.o
 .debug_aranges
                0x00001128       0x68 ./Middlewares/ST/STM32_USB_Device_Library/Class/HID/Src/usbd_hid.o
 .debug_aranges
                0x00001190       0xb8 ./Middlewares/ST/STM32_USB_Device_Library/Core/Src/usbd_core.o
 .debug_aranges
                0x00001248       0x88 ./Middlewares/ST/STM32_USB_Device_Library/Core/Src/usbd_ctlreq.o
 .debug_aranges
                0x000012d0       0x50 ./Middlewares/ST/STM32_USB_Device_Library/Core/Src/usbd_ioreq.o
 .debug_aranges
                0x00001320       0x20 ./USB_DEVICE/App/usb_device.o
 .debug_aranges
                0x00001340       0x60 ./USB_DEVICE/App/usbd_desc.o
 .debug_aranges
                0x000013a0      0x118 ./USB_DEVICE/Target/usbd_conf.o

.debug_rnglists
                0x00000000      0xfd9
 .debug_rnglists
                0x00000000       0x13 ./Core/Src/dma.o
 .debug_rnglists
                0x00000013       0x14 ./Core/Src/gpio.o
 .debug_rnglists
                0x00000027       0x1f ./Core/Src/i2c.o
 .debug_rnglists
                0x00000046       0x14 ./Core/Src/keypad.o
 .debug_rnglists
                0x0000005a       0x21 ./Core/Src/main.o
 .debug_rnglists
                0x0000007b       0xd1 ./Core/Src/oled.o
 .debug_rnglists
                0x0000014c       0x13 ./Core/Src/stm32f1xx_hal_msp.o
 .debug_rnglists
                0x0000015f       0x5b ./Core/Src/stm32f1xx_it.o
 .debug_rnglists
                0x000001ba       0x1a ./Core/Src/system_stm32f1xx.o
 .debug_rnglists
                0x000001d4       0x4f ./Core/Src/tim.o
 .debug_rnglists
                0x00000223       0x27 ./Core/Src/ws2812.o
 .debug_rnglists
                0x0000024a       0x19 ./Core/Startup/startup_stm32f103c8tx.o
 .debug_rnglists
                0x00000263       0xa3 ./Drivers/STM32F1xx_HAL_Driver/Src/stm32f1xx_hal.o
 .debug_rnglists
                0x00000306       0xbb ./Drivers/STM32F1xx_HAL_Driver/Src/stm32f1xx_hal_cortex.o
 .debug_rnglists
                0x000003c1       0x64 ./Drivers/STM32F1xx_HAL_Driver/Src/stm32f1xx_hal_dma.o
 .debug_rnglists
                0x00000425       0x3f ./Drivers/STM32F1xx_HAL_Driver/Src/stm32f1xx_hal_gpio.o
 .debug_rnglists
                0x00000464      0x23c ./Drivers/STM32F1xx_HAL_Driver/Src/stm32f1xx_hal_i2c.o
 .debug_rnglists
                0x000006a0       0xf4 ./Drivers/STM32F1xx_HAL_Driver/Src/stm32f1xx_hal_pcd.o
 .debug_rnglists
                0x00000794       0x26 ./Drivers/STM32F1xx_HAL_Driver/Src/stm32f1xx_hal_pcd_ex.o
 .debug_rnglists
                0x000007ba       0x6c ./Drivers/STM32F1xx_HAL_Driver/Src/stm32f1xx_hal_rcc.o
 .debug_rnglists
                0x00000826       0x21 ./Drivers/STM32F1xx_HAL_Driver/Src/stm32f1xx_hal_rcc_ex.o
 .debug_rnglists
                0x00000847      0x31a ./Drivers/STM32F1xx_HAL_Driver/Src/stm32f1xx_hal_tim.o
 .debug_rnglists
                0x00000b61      0x125 ./Drivers/STM32F1xx_HAL_Driver/Src/stm32f1xx_hal_tim_ex.o
 .debug_rnglists
                0x00000c86       0xbd ./Drivers/STM32F1xx_HAL_Driver/Src/stm32f1xx_ll_usb.o
 .debug_rnglists
                0x00000d43       0x4a ./Middlewares/ST/STM32_USB_Device_Library/Class/HID/Src/usbd_hid.o
 .debug_rnglists
                0x00000d8d       0x89 ./Middlewares/ST/STM32_USB_Device_Library/Core/Src/usbd_core.o
 .debug_rnglists
                0x00000e16       0x68 ./Middlewares/ST/STM32_USB_Device_Library/Core/Src/usbd_ctlreq.o
 .debug_rnglists
                0x00000e7e       0x37 ./Middlewares/ST/STM32_USB_Device_Library/Core/Src/usbd_ioreq.o
 .debug_rnglists
                0x00000eb5       0x13 ./USB_DEVICE/App/usb_device.o
 .debug_rnglists
                0x00000ec8       0x43 ./USB_DEVICE/App/usbd_desc.o
 .debug_rnglists
                0x00000f0b       0xce ./USB_DEVICE/Target/usbd_conf.o

.debug_macro    0x00000000    0x1b7bd
 .debug_macro   0x00000000      0x1e0 ./Core/Src/dma.o
 .debug_macro   0x000001e0      0xacc ./Core/Src/dma.o
 .debug_macro   0x00000cac      0x227 ./Core/Src/dma.o
 .debug_macro   0x00000ed3       0x2e ./Core/Src/dma.o
 .debug_macro   0x00000f01       0x22 ./Core/Src/dma.o
 .debug_macro   0x00000f23       0x22 ./Core/Src/dma.o
 .debug_macro   0x00000f45       0x8e ./Core/Src/dma.o
 .debug_macro   0x00000fd3       0x51 ./Core/Src/dma.o
 .debug_macro   0x00001024      0x103 ./Core/Src/dma.o
 .debug_macro   0x00001127       0x6a ./Core/Src/dma.o
 .debug_macro   0x00001191      0x1df ./Core/Src/dma.o
 .debug_macro   0x00001370       0x1c ./Core/Src/dma.o
 .debug_macro   0x0000138c       0x22 ./Core/Src/dma.o
 .debug_macro   0x000013ae       0xbd ./Core/Src/dma.o
 .debug_macro   0x0000146b      0xd23 ./Core/Src/dma.o
 .debug_macro   0x0000218e     0xe09e ./Core/Src/dma.o
 .debug_macro   0x0001022c       0x6d ./Core/Src/dma.o
 .debug_macro   0x00010299     0x34a2 ./Core/Src/dma.o
 .debug_macro   0x0001373b      0x190 ./Core/Src/dma.o
 .debug_macro   0x000138cb       0x5c ./Core/Src/dma.o
 .debug_macro   0x00013927      0x5bc ./Core/Src/dma.o
 .debug_macro   0x00013ee3      0x289 ./Core/Src/dma.o
 .debug_macro   0x0001416c      0x1cb ./Core/Src/dma.o
 .debug_macro   0x00014337      0x114 ./Core/Src/dma.o
 .debug_macro   0x0001444b      0x1b2 ./Core/Src/dma.o
 .debug_macro   0x000145fd       0x27 ./Core/Src/dma.o
 .debug_macro   0x00014624      0x136 ./Core/Src/dma.o
 .debug_macro   0x0001475a      0x1bc ./Core/Src/dma.o
 .debug_macro   0x00014916       0x34 ./Core/Src/dma.o
 .debug_macro   0x0001494a       0x3c ./Core/Src/dma.o
 .debug_macro   0x00014986       0x57 ./Core/Src/dma.o
 .debug_macro   0x000149dd       0x87 ./Core/Src/dma.o
 .debug_macro   0x00014a64      0x240 ./Core/Src/dma.o
 .debug_macro   0x00014ca4      0x287 ./Core/Src/dma.o
 .debug_macro   0x00014f2b      0x140 ./Core/Src/dma.o
 .debug_macro   0x0001506b      0x8ed ./Core/Src/dma.o
 .debug_macro   0x00015958       0xb7 ./Core/Src/dma.o
 .debug_macro   0x00015a0f      0x242 ./Core/Src/dma.o
 .debug_macro   0x00015c51       0x83 ./Core/Src/dma.o
 .debug_macro   0x00015cd4       0xa6 ./Core/Src/dma.o
 .debug_macro   0x00015d7a      0x140 ./Core/Src/font.o
 .debug_macro   0x00015eba       0x61 ./Core/Src/font.o
 .debug_macro   0x00015f1b       0x24 ./Core/Src/font.o
 .debug_macro   0x00015f3f       0x43 ./Core/Src/font.o
 .debug_macro   0x00015f82       0x34 ./Core/Src/font.o
 .debug_macro   0x00015fb6      0x370 ./Core/Src/font.o
 .debug_macro   0x00016326       0x16 ./Core/Src/font.o
 .debug_macro   0x0001633c       0x4a ./Core/Src/font.o
 .debug_macro   0x00016386       0x34 ./Core/Src/font.o
 .debug_macro   0x000163ba       0x10 ./Core/Src/font.o
 .debug_macro   0x000163ca       0x58 ./Core/Src/font.o
 .debug_macro   0x00016422       0x8e ./Core/Src/font.o
 .debug_macro   0x000164b0       0x1c ./Core/Src/font.o
 .debug_macro   0x000164cc      0x185 ./Core/Src/font.o
 .debug_macro   0x00016651       0x10 ./Core/Src/font.o
 .debug_macro   0x00016661       0x3c ./Core/Src/font.o
 .debug_macro   0x0001669d       0x20 ./Core/Src/font.o
 .debug_macro   0x000166bd      0x1e0 ./Core/Src/gpio.o
 .debug_macro   0x0001689d      0x1e0 ./Core/Src/i2c.o
 .debug_macro   0x00016a7d      0x375 ./Core/Src/keypad.o
 .debug_macro   0x00016df2       0x16 ./Core/Src/keypad.o
 .debug_macro   0x00016e08       0x10 ./Core/Src/keypad.o
 .debug_macro   0x00016e18       0x16 ./Core/Src/keypad.o
 .debug_macro   0x00016e2e       0x16 ./Core/Src/keypad.o
 .debug_macro   0x00016e44      0x146 ./Core/Src/keypad.o
 .debug_macro   0x00016f8a       0x16 ./Core/Src/keypad.o
 .debug_macro   0x00016fa0       0x16 ./Core/Src/keypad.o
 .debug_macro   0x00016fb6       0x29 ./Core/Src/keypad.o
 .debug_macro   0x00016fdf       0x16 ./Core/Src/keypad.o
 .debug_macro   0x00016ff5       0x5f ./Core/Src/keypad.o
 .debug_macro   0x00017054      0x1c8 ./Core/Src/keypad.o
 .debug_macro   0x0001721c       0x5e ./Core/Src/keypad.o
 .debug_macro   0x0001727a      0x3d2 ./Core/Src/main.o
 .debug_macro   0x0001764c       0x16 ./Core/Src/main.o
 .debug_macro   0x00017662      0x355 ./Core/Src/oled.o
 .debug_macro   0x000179b7       0x56 ./Core/Src/oled.o
 .debug_macro   0x00017a0d      0x19b ./Core/Src/oled.o
 .debug_macro   0x00017ba8       0x1c ./Core/Src/oled.o
 .debug_macro   0x00017bc4       0x1c ./Core/Src/oled.o
 .debug_macro   0x00017be0      0x1d6 ./Core/Src/stm32f1xx_hal_msp.o
 .debug_macro   0x00017db6      0x1e0 ./Core/Src/stm32f1xx_it.o
 .debug_macro   0x00017f96      0x1c7 ./Core/Src/system_stm32f1xx.o
 .debug_macro   0x0001815d      0x1e0 ./Core/Src/tim.o
 .debug_macro   0x0001833d      0x201 ./Core/Src/ws2812.o
 .debug_macro   0x0001853e      0x1eb ./Drivers/STM32F1xx_HAL_Driver/Src/stm32f1xx_hal.o
 .debug_macro   0x00018729      0x1c7 ./Drivers/STM32F1xx_HAL_Driver/Src/stm32f1xx_hal_cortex.o
 .debug_macro   0x000188f0      0x1c7 ./Drivers/STM32F1xx_HAL_Driver/Src/stm32f1xx_hal_dma.o
 .debug_macro   0x00018ab7      0x232 ./Drivers/STM32F1xx_HAL_Driver/Src/stm32f1xx_hal_gpio.o
 .debug_macro   0x00018ce9      0x215 ./Drivers/STM32F1xx_HAL_Driver/Src/stm32f1xx_hal_i2c.o
 .debug_macro   0x00018efe      0x1d3 ./Drivers/STM32F1xx_HAL_Driver/Src/stm32f1xx_hal_pcd.o
 .debug_macro   0x000190d1      0x1c7 ./Drivers/STM32F1xx_HAL_Driver/Src/stm32f1xx_hal_pcd_ex.o
 .debug_macro   0x00019298      0x1d9 ./Drivers/STM32F1xx_HAL_Driver/Src/stm32f1xx_hal_rcc.o
 .debug_macro   0x00019471      0x1c7 ./Drivers/STM32F1xx_HAL_Driver/Src/stm32f1xx_hal_rcc_ex.o
 .debug_macro   0x00019638      0x1c8 ./Drivers/STM32F1xx_HAL_Driver/Src/stm32f1xx_hal_tim.o
 .debug_macro   0x00019800      0x1c7 ./Drivers/STM32F1xx_HAL_Driver/Src/stm32f1xx_hal_tim_ex.o
 .debug_macro   0x000199c7      0x1c7 ./Drivers/STM32F1xx_HAL_Driver/Src/stm32f1xx_ll_usb.o
 .debug_macro   0x00019b8e      0x365 ./Middlewares/ST/STM32_USB_Device_Library/Class/HID/Src/usbd_hid.o
 .debug_macro   0x00019ef3       0x9e ./Middlewares/ST/STM32_USB_Device_Library/Class/HID/Src/usbd_hid.o
 .debug_macro   0x00019f91      0x112 ./Middlewares/ST/STM32_USB_Device_Library/Class/HID/Src/usbd_hid.o
 .debug_macro   0x0001a0a3      0x34c ./Middlewares/ST/STM32_USB_Device_Library/Core/Src/usbd_core.o
 .debug_macro   0x0001a3ef      0x1ce ./Middlewares/ST/STM32_USB_Device_Library/Core/Src/usbd_core.o
 .debug_macro   0x0001a5bd      0x356 ./Middlewares/ST/STM32_USB_Device_Library/Core/Src/usbd_ctlreq.o
 .debug_macro   0x0001a913      0x352 ./Middlewares/ST/STM32_USB_Device_Library/Core/Src/usbd_ioreq.o
 .debug_macro   0x0001ac65      0x37c ./USB_DEVICE/App/usb_device.o
 .debug_macro   0x0001afe1       0xac ./USB_DEVICE/App/usb_device.o
 .debug_macro   0x0001b08d       0x22 ./USB_DEVICE/App/usb_device.o
 .debug_macro   0x0001b0af      0x389 ./USB_DEVICE/App/usbd_desc.o
 .debug_macro   0x0001b438       0x1c ./USB_DEVICE/App/usbd_desc.o
 .debug_macro   0x0001b454      0x369 ./USB_DEVICE/Target/usbd_conf.o

.debug_line     0x00000000    0x1c147
 .debug_line    0x00000000      0x73e ./Core/Src/dma.o
 .debug_line    0x0000073e      0x575 ./Core/Src/font.o
 .debug_line    0x00000cb3      0x77f ./Core/Src/gpio.o
 .debug_line    0x00001432      0x7ac ./Core/Src/i2c.o
 .debug_line    0x00001bde      0xbb0 ./Core/Src/keypad.o
 .debug_line    0x0000278e      0xb2e ./Core/Src/main.o
 .debug_line    0x000032bc     0x1177 ./Core/Src/oled.o
 .debug_line    0x00004433      0x743 ./Core/Src/stm32f1xx_hal_msp.o
 .debug_line    0x00004b76      0x85a ./Core/Src/stm32f1xx_it.o
 .debug_line    0x000053d0      0x7c1 ./Core/Src/system_stm32f1xx.o
 .debug_line    0x00005b91      0x99f ./Core/Src/tim.o
 .debug_line    0x00006530      0x8d6 ./Core/Src/ws2812.o
 .debug_line    0x00006e06       0x78 ./Core/Startup/startup_stm32f103c8tx.o
 .debug_line    0x00006e7e      0x9f2 ./Drivers/STM32F1xx_HAL_Driver/Src/stm32f1xx_hal.o
 .debug_line    0x00007870      0xbbc ./Drivers/STM32F1xx_HAL_Driver/Src/stm32f1xx_hal_cortex.o
 .debug_line    0x0000842c      0xdfc ./Drivers/STM32F1xx_HAL_Driver/Src/stm32f1xx_hal_dma.o
 .debug_line    0x00009228      0xa4f ./Drivers/STM32F1xx_HAL_Driver/Src/stm32f1xx_hal_gpio.o
 .debug_line    0x00009c77     0x3bef ./Drivers/STM32F1xx_HAL_Driver/Src/stm32f1xx_hal_i2c.o
 .debug_line    0x0000d866     0x1377 ./Drivers/STM32F1xx_HAL_Driver/Src/stm32f1xx_hal_pcd.o
 .debug_line    0x0000ebdd      0x7bc ./Drivers/STM32F1xx_HAL_Driver/Src/stm32f1xx_hal_pcd_ex.o
 .debug_line    0x0000f399      0xeab ./Drivers/STM32F1xx_HAL_Driver/Src/stm32f1xx_hal_rcc.o
 .debug_line    0x00010244      0x95c ./Drivers/STM32F1xx_HAL_Driver/Src/stm32f1xx_hal_rcc_ex.o
 .debug_line    0x00010ba0     0x34e0 ./Drivers/STM32F1xx_HAL_Driver/Src/stm32f1xx_hal_tim.o
 .debug_line    0x00014080     0x18b6 ./Drivers/STM32F1xx_HAL_Driver/Src/stm32f1xx_hal_tim_ex.o
 .debug_line    0x00015936     0x1162 ./Drivers/STM32F1xx_HAL_Driver/Src/stm32f1xx_ll_usb.o
 .debug_line    0x00016a98      0xc03 ./Middlewares/ST/STM32_USB_Device_Library/Class/HID/Src/usbd_hid.o
 .debug_line    0x0001769b      0xda0 ./Middlewares/ST/STM32_USB_Device_Library/Core/Src/usbd_core.o
 .debug_line    0x0001843b      0xfea ./Middlewares/ST/STM32_USB_Device_Library/Core/Src/usbd_ctlreq.o
 .debug_line    0x00019425      0xa56 ./Middlewares/ST/STM32_USB_Device_Library/Core/Src/usbd_ioreq.o
 .debug_line    0x00019e7b      0xa07 ./USB_DEVICE/App/usb_device.o
 .debug_line    0x0001a882      0xacf ./USB_DEVICE/App/usbd_desc.o
 .debug_line    0x0001b351      0xdf6 ./USB_DEVICE/Target/usbd_conf.o

.debug_str      0x00000000    0x902ef
 .debug_str     0x00000000    0x902ef ./Core/Src/dma.o
                              0x862ff (size before relaxing)
 .debug_str     0x000902ef     0x738e ./Core/Src/font.o
 .debug_str     0x000902ef    0x863a8 ./Core/Src/gpio.o
 .debug_str     0x000902ef    0x8655b ./Core/Src/i2c.o
 .debug_str     0x000902ef    0x8a8ae ./Core/Src/keypad.o
 .debug_str     0x000902ef    0x8acdd ./Core/Src/main.o
 .debug_str     0x000902ef    0x8a8b1 ./Core/Src/oled.o
 .debug_str     0x000902ef    0x86029 ./Core/Src/stm32f1xx_hal_msp.o
 .debug_str     0x000902ef    0x8690c ./Core/Src/stm32f1xx_it.o
 .debug_str     0x000902ef    0x85e2f ./Core/Src/system_stm32f1xx.o
 .debug_str     0x000902ef    0x86c33 ./Core/Src/tim.o
 .debug_str     0x000902ef    0x86592 ./Core/Src/ws2812.o
 .debug_str     0x000902ef       0x84 ./Core/Startup/startup_stm32f103c8tx.o
 .debug_str     0x000902ef    0x86562 ./Drivers/STM32F1xx_HAL_Driver/Src/stm32f1xx_hal.o
 .debug_str     0x000902ef    0x864ae ./Drivers/STM32F1xx_HAL_Driver/Src/stm32f1xx_hal_cortex.o
 .debug_str     0x000902ef    0x861d8 ./Drivers/STM32F1xx_HAL_Driver/Src/stm32f1xx_hal_dma.o
 .debug_str     0x000902ef    0x861b5 ./Drivers/STM32F1xx_HAL_Driver/Src/stm32f1xx_hal_gpio.o
 .debug_str     0x000902ef    0x86ef6 ./Drivers/STM32F1xx_HAL_Driver/Src/stm32f1xx_hal_i2c.o
 .debug_str     0x000902ef    0x8674c ./Drivers/STM32F1xx_HAL_Driver/Src/stm32f1xx_hal_pcd.o
 .debug_str     0x000902ef    0x862ae ./Drivers/STM32F1xx_HAL_Driver/Src/stm32f1xx_hal_pcd_ex.o
 .debug_str     0x000902ef    0x8625e ./Drivers/STM32F1xx_HAL_Driver/Src/stm32f1xx_hal_rcc.o
 .debug_str     0x000902ef    0x85fae ./Drivers/STM32F1xx_HAL_Driver/Src/stm32f1xx_hal_rcc_ex.o
 .debug_str     0x000902ef    0x87260 ./Drivers/STM32F1xx_HAL_Driver/Src/stm32f1xx_hal_tim.o
 .debug_str     0x000902ef    0x86a6c ./Drivers/STM32F1xx_HAL_Driver/Src/stm32f1xx_hal_tim_ex.o
 .debug_str     0x000902ef    0x86300 ./Drivers/STM32F1xx_HAL_Driver/Src/stm32f1xx_ll_usb.o
 .debug_str     0x000902ef    0x8aa50 ./Middlewares/ST/STM32_USB_Device_Library/Class/HID/Src/usbd_hid.o
 .debug_str     0x000902ef    0x8a8eb ./Middlewares/ST/STM32_USB_Device_Library/Core/Src/usbd_core.o
 .debug_str     0x000902ef    0x8a805 ./Middlewares/ST/STM32_USB_Device_Library/Core/Src/usbd_ctlreq.o
 .debug_str     0x000902ef    0x8a732 ./Middlewares/ST/STM32_USB_Device_Library/Core/Src/usbd_ioreq.o
 .debug_str     0x000902ef    0x8a8a7 ./USB_DEVICE/App/usb_device.o
 .debug_str     0x000902ef    0x8a661 ./USB_DEVICE/App/usbd_desc.o
 .debug_str     0x000902ef    0x8b3e5 ./USB_DEVICE/Target/usbd_conf.o

.comment        0x00000000       0x43
 .comment       0x00000000       0x43 ./Core/Src/dma.o
                                 0x44 (size before relaxing)
 .comment       0x00000043       0x44 ./Core/Src/font.o
 .comment       0x00000043       0x44 ./Core/Src/gpio.o
 .comment       0x00000043       0x44 ./Core/Src/i2c.o
 .comment       0x00000043       0x44 ./Core/Src/keypad.o
 .comment       0x00000043       0x44 ./Core/Src/main.o
 .comment       0x00000043       0x44 ./Core/Src/oled.o
 .comment       0x00000043       0x44 ./Core/Src/stm32f1xx_hal_msp.o
 .comment       0x00000043       0x44 ./Core/Src/stm32f1xx_it.o
 .comment       0x00000043       0x44 ./Core/Src/system_stm32f1xx.o
 .comment       0x00000043       0x44 ./Core/Src/tim.o
 .comment       0x00000043       0x44 ./Core/Src/ws2812.o
 .comment       0x00000043       0x44 ./Drivers/STM32F1xx_HAL_Driver/Src/stm32f1xx_hal.o
 .comment       0x00000043       0x44 ./Drivers/STM32F1xx_HAL_Driver/Src/stm32f1xx_hal_cortex.o
 .comment       0x00000043       0x44 ./Drivers/STM32F1xx_HAL_Driver/Src/stm32f1xx_hal_dma.o
 .comment       0x00000043       0x44 ./Drivers/STM32F1xx_HAL_Driver/Src/stm32f1xx_hal_gpio.o
 .comment       0x00000043       0x44 ./Drivers/STM32F1xx_HAL_Driver/Src/stm32f1xx_hal_i2c.o
 .comment       0x00000043       0x44 ./Drivers/STM32F1xx_HAL_Driver/Src/stm32f1xx_hal_pcd.o
 .comment       0x00000043       0x44 ./Drivers/STM32F1xx_HAL_Driver/Src/stm32f1xx_hal_pcd_ex.o
 .comment       0x00000043       0x44 ./Drivers/STM32F1xx_HAL_Driver/Src/stm32f1xx_hal_rcc.o
 .comment       0x00000043       0x44 ./Drivers/STM32F1xx_HAL_Driver/Src/stm32f1xx_hal_rcc_ex.o
 .comment       0x00000043       0x44 ./Drivers/STM32F1xx_HAL_Driver/Src/stm32f1xx_hal_tim.o
 .comment       0x00000043       0x44 ./Drivers/STM32F1xx_HAL_Driver/Src/stm32f1xx_hal_tim_ex.o
 .comment       0x00000043       0x44 ./Drivers/STM32F1xx_HAL_Driver/Src/stm32f1xx_ll_usb.o
 .comment       0x00000043       0x44 ./Middlewares/ST/STM32_USB_Device_Library/Class/HID/Src/usbd_hid.o
 .comment       0x00000043       0x44 ./Middlewares/ST/STM32_USB_Device_Library/Core/Src/usbd_core.o
 .comment       0x00000043       0x44 ./Middlewares/ST/STM32_USB_Device_Library/Core/Src/usbd_ctlreq.o
 .comment       0x00000043       0x44 ./Middlewares/ST/STM32_USB_Device_Library/Core/Src/usbd_ioreq.o
 .comment       0x00000043       0x44 ./USB_DEVICE/App/usb_device.o
 .comment       0x00000043       0x44 ./USB_DEVICE/App/usbd_desc.o
 .comment       0x00000043       0x44 ./USB_DEVICE/Target/usbd_conf.o

.debug_frame    0x00000000     0x54a8
 .debug_frame   0x00000000       0x34 ./Core/Src/dma.o
 .debug_frame   0x00000034       0x34 ./Core/Src/gpio.o
 .debug_frame   0x00000068       0x74 ./Core/Src/i2c.o
 .debug_frame   0x000000dc       0x38 ./Core/Src/keypad.o
 .debug_frame   0x00000114       0x6c ./Core/Src/main.o
 .debug_frame   0x00000180      0x43c ./Core/Src/oled.o
 .debug_frame   0x000005bc       0x38 ./Core/Src/stm32f1xx_hal_msp.o
 .debug_frame   0x000005f4      0x174 ./Core/Src/stm32f1xx_it.o
 .debug_frame   0x00000768       0x58 ./Core/Src/system_stm32f1xx.o
 .debug_frame   0x000007c0      0x178 ./Core/Src/tim.o
 .debug_frame   0x00000938       0xa8 ./Core/Src/ws2812.o
 .debug_frame   0x000009e0      0x334 ./Drivers/STM32F1xx_HAL_Driver/Src/stm32f1xx_hal.o
 .debug_frame   0x00000d14      0x428 ./Drivers/STM32F1xx_HAL_Driver/Src/stm32f1xx_hal_cortex.o
 .debug_frame   0x0000113c      0x208 ./Drivers/STM32F1xx_HAL_Driver/Src/stm32f1xx_hal_dma.o
 .debug_frame   0x00001344      0x14c ./Drivers/STM32F1xx_HAL_Driver/Src/stm32f1xx_hal_gpio.o
 .debug_frame   0x00001490      0xc84 ./Drivers/STM32F1xx_HAL_Driver/Src/stm32f1xx_hal_i2c.o
 .debug_frame   0x00002114      0x594 ./Drivers/STM32F1xx_HAL_Driver/Src/stm32f1xx_hal_pcd.o
 .debug_frame   0x000026a8       0xb0 ./Drivers/STM32F1xx_HAL_Driver/Src/stm32f1xx_hal_pcd_ex.o
 .debug_frame   0x00002758      0x218 ./Drivers/STM32F1xx_HAL_Driver/Src/stm32f1xx_hal_rcc.o
 .debug_frame   0x00002970       0x80 ./Drivers/STM32F1xx_HAL_Driver/Src/stm32f1xx_hal_rcc_ex.o
 .debug_frame   0x000029f0     0x11b8 ./Drivers/STM32F1xx_HAL_Driver/Src/stm32f1xx_hal_tim.o
 .debug_frame   0x00003ba8      0x638 ./Drivers/STM32F1xx_HAL_Driver/Src/stm32f1xx_hal_tim_ex.o
 .debug_frame   0x000041e0      0x470 ./Drivers/STM32F1xx_HAL_Driver/Src/stm32f1xx_ll_usb.o
 .debug_frame   0x00004650      0x190 ./Middlewares/ST/STM32_USB_Device_Library/Class/HID/Src/usbd_hid.o
 .debug_frame   0x000047e0      0x300 ./Middlewares/ST/STM32_USB_Device_Library/Core/Src/usbd_core.o
 .debug_frame   0x00004ae0      0x218 ./Middlewares/ST/STM32_USB_Device_Library/Core/Src/usbd_ctlreq.o
 .debug_frame   0x00004cf8      0x10c ./Middlewares/ST/STM32_USB_Device_Library/Core/Src/usbd_ioreq.o
 .debug_frame   0x00004e04       0x2c ./USB_DEVICE/App/usb_device.o
 .debug_frame   0x00004e30      0x160 ./USB_DEVICE/App/usbd_desc.o
 .debug_frame   0x00004f90      0x4a4 ./USB_DEVICE/Target/usbd_conf.o
 .debug_frame   0x00005434       0x20 D:/ST/STM32CubeIDE_1.19.0/STM32CubeIDE/plugins/com.st.stm32cube.ide.mcu.externaltools.gnu-tools-for-stm32.13.3.rel1.win32_1.0.0.202411081344/tools/bin/../lib/gcc/arm-none-eabi/13.3.1/../../../../arm-none-eabi/lib/thumb/v7-m/nofp\libc_nano.a(libc_a-memset.o)
 .debug_frame   0x00005454       0x2c D:/ST/STM32CubeIDE_1.19.0/STM32CubeIDE/plugins/com.st.stm32cube.ide.mcu.externaltools.gnu-tools-for-stm32.13.3.rel1.win32_1.0.0.202411081344/tools/bin/../lib/gcc/arm-none-eabi/13.3.1/../../../../arm-none-eabi/lib/thumb/v7-m/nofp\libc_nano.a(libc_a-init.o)
 .debug_frame   0x00005480       0x28 D:/ST/STM32CubeIDE_1.19.0/STM32CubeIDE/plugins/com.st.stm32cube.ide.mcu.externaltools.gnu-tools-for-stm32.13.3.rel1.win32_1.0.0.202411081344/tools/bin/../lib/gcc/arm-none-eabi/13.3.1/../../../../arm-none-eabi/lib/thumb/v7-m/nofp\libc_nano.a(libc_a-memcpy-stub.o)

.debug_line_str
                0x00000000       0x68
 .debug_line_str
                0x00000000       0x68 ./Core/Startup/startup_stm32f103c8tx.o