../Core/Src/oled.c:58:6:OLED_Send	24	static
../Core/Src/oled.c:66:6:OLED_SendCmd	16	static
../Core/Src/oled.c:79:6:OLED_Init	8	static
../Core/Src/oled.c:134:6:OLED_DisPlay_On	8	static
../Core/Src/oled.c:144:6:OLED_DisPlay_Off	8	static
../Core/Src/oled.c:156:6:OLED_SetColorMode	16	static
../Core/Src/oled.c:173:6:OLED_NewFrame	8	static
../Core/Src/oled.c:182:6:OLED_ShowFrame	16	static
../Core/Src/oled.c:202:6:OLED_SetPixel	16	static
../Core/Src/oled.c:228:6:OLED_SetByte_Fine	16	static
../Core/Src/oled.c:254:6:OLED_SetByte	16	static
../Core/Src/oled.c:274:6:OLED_SetBits_Fine	40	static
../Core/Src/oled.c:302:6:OLED_SetBits	40	static
../Core/Src/oled.c:324:6:OLED_SetBlock	40	static
../Core/Src/oled.c:364:6:OLED_DrawLine	40	static
../Core/Src/oled.c:440:6:OLED_DrawRectangle	32	static
../Core/Src/oled.c:456:6:OLED_DrawFilledRectangle	40	static
../Core/Src/oled.c:474:6:OLED_DrawTriangle	32	static
../Core/Src/oled.c:491:6:OLED_DrawFilledTriangle	40	static
../Core/Src/oled.c:531:6:OLED_DrawCircle	32	static
../Core/Src/oled.c:567:6:OLED_DrawFilledCircle	40	static
../Core/Src/oled.c:602:6:OLED_DrawEllipse	56	static
../Core/Src/oled.c:651:6:OLED_DrawImage	32	static
../Core/Src/oled.c:666:6:OLED_PrintASCIIChar	32	static
../Core/Src/oled.c:679:6:OLED_PrintASCIIString	40	static
../Core/Src/oled.c:693:9:_OLED_GetUTF8Len	16	static
../Core/Src/oled.c:738:6:OLED_PrintString	56	static
../Core/Src/oled.c:797:6:OLED_ShowNum	48	static
